Component: Arm Compiler for Embedded 6.19 Tool: armlink [5e73cb00]

==============================================================================

Section Cross References

    startup_stm32g431xx.o(STACK) refers (Special) to heapauxi.o(.text) for __use_two_region_memory
    startup_stm32g431xx.o(HEAP) refers (Special) to heapauxi.o(.text) for __use_two_region_memory
    startup_stm32g431xx.o(RESET) refers (Special) to heapauxi.o(.text) for __use_two_region_memory
    startup_stm32g431xx.o(RESET) refers to startup_stm32g431xx.o(STACK) for __initial_sp
    startup_stm32g431xx.o(RESET) refers to startup_stm32g431xx.o(.text) for Reset_Handler
    startup_stm32g431xx.o(RESET) refers to stm32g4xx_it.o(.text.NMI_Handler) for NMI_Handler
    startup_stm32g431xx.o(RESET) refers to stm32g4xx_it.o(.text.HardFault_Handler) for HardFault_Handler
    startup_stm32g431xx.o(RESET) refers to stm32g4xx_it.o(.text.MemManage_Handler) for MemManage_Handler
    startup_stm32g431xx.o(RESET) refers to stm32g4xx_it.o(.text.BusFault_Handler) for BusFault_Handler
    startup_stm32g431xx.o(RESET) refers to stm32g4xx_it.o(.text.UsageFault_Handler) for UsageFault_Handler
    startup_stm32g431xx.o(RESET) refers to stm32g4xx_it.o(.text.SVC_Handler) for SVC_Handler
    startup_stm32g431xx.o(RESET) refers to stm32g4xx_it.o(.text.DebugMon_Handler) for DebugMon_Handler
    startup_stm32g431xx.o(RESET) refers to stm32g4xx_it.o(.text.PendSV_Handler) for PendSV_Handler
    startup_stm32g431xx.o(RESET) refers to stm32g4xx_it.o(.text.SysTick_Handler) for SysTick_Handler
    startup_stm32g431xx.o(RESET) refers to stm32g4xx_it.o(.text.DMA1_Channel1_IRQHandler) for DMA1_Channel1_IRQHandler
    startup_stm32g431xx.o(RESET) refers to stm32g4xx_it.o(.text.DMA1_Channel2_IRQHandler) for DMA1_Channel2_IRQHandler
    startup_stm32g431xx.o(RESET) refers to stm32g4xx_it.o(.text.USART2_IRQHandler) for USART2_IRQHandler
    startup_stm32g431xx.o(.text) refers (Special) to heapauxi.o(.text) for __use_two_region_memory
    startup_stm32g431xx.o(.text) refers to system_stm32g4xx.o(.text.SystemInit) for SystemInit
    startup_stm32g431xx.o(.text) refers to __main.o(!!!main) for __main
    startup_stm32g431xx.o(.text) refers to startup_stm32g431xx.o(HEAP) for Heap_Mem
    startup_stm32g431xx.o(.text) refers to startup_stm32g431xx.o(STACK) for Stack_Mem
    as5600.o(.text.I2C_ReadTwoBytes) refers to i2c.o(.bss.hi2c1) for hi2c1
    as5600.o(.text.I2C_ReadTwoBytes) refers to stm32g4xx_hal_i2c.o(.text.HAL_I2C_Mem_Read) for HAL_I2C_Mem_Read
    as5600.o(.text.I2C_ReadTwoBytes) refers to main.o(.text.Error_Handler) for Error_Handler
    as5600.o(.ARM.exidx.text.I2C_ReadTwoBytes) refers to as5600.o(.text.I2C_ReadTwoBytes) for [Anonymous Symbol]
    as5600.o(.text.readTwoBytes) refers to as5600.o(.data..L_MergedGlobals) for .L_MergedGlobals
    as5600.o(.text.readTwoBytes) refers to i2c.o(.bss.hi2c1) for hi2c1
    as5600.o(.text.readTwoBytes) refers to stm32g4xx_hal_i2c.o(.text.HAL_I2C_Mem_Read) for HAL_I2C_Mem_Read
    as5600.o(.text.readTwoBytes) refers to main.o(.text.Error_Handler) for Error_Handler
    as5600.o(.ARM.exidx.text.readTwoBytes) refers to as5600.o(.text.readTwoBytes) for [Anonymous Symbol]
    as5600.o(.text.getRawAngle) refers to as5600.o(.data..L_MergedGlobals) for .L_MergedGlobals
    as5600.o(.text.getRawAngle) refers to i2c.o(.bss.hi2c1) for hi2c1
    as5600.o(.text.getRawAngle) refers to stm32g4xx_hal_i2c.o(.text.HAL_I2C_Mem_Read) for HAL_I2C_Mem_Read
    as5600.o(.text.getRawAngle) refers to main.o(.text.Error_Handler) for Error_Handler
    as5600.o(.ARM.exidx.text.getRawAngle) refers to as5600.o(.text.getRawAngle) for [Anonymous Symbol]
    as5600.o(.text.getAngle_Without_track) refers to as5600.o(.data..L_MergedGlobals) for .L_MergedGlobals
    as5600.o(.text.getAngle_Without_track) refers to i2c.o(.bss.hi2c1) for hi2c1
    as5600.o(.text.getAngle_Without_track) refers to stm32g4xx_hal_i2c.o(.text.HAL_I2C_Mem_Read) for HAL_I2C_Mem_Read
    as5600.o(.text.getAngle_Without_track) refers to main.o(.text.Error_Handler) for Error_Handler
    as5600.o(.text.getAngle_Without_track) refers to dflt_clz.o(x$fpl$dfltu) for __aeabi_ui2d
    as5600.o(.text.getAngle_Without_track) refers to dmul.o(x$fpl$dmul) for __aeabi_dmul
    as5600.o(.text.getAngle_Without_track) refers to ddiv.o(x$fpl$ddiv) for __aeabi_ddiv
    as5600.o(.text.getAngle_Without_track) refers to d2f.o(x$fpl$d2f) for __aeabi_d2f
    as5600.o(.ARM.exidx.text.getAngle_Without_track) refers to as5600.o(.text.getAngle_Without_track) for [Anonymous Symbol]
    as5600.o(.text.getAngle) refers to as5600.o(.text.getAngle_Without_track) for getAngle_Without_track
    as5600.o(.text.getAngle) refers to as5600.o(.bss..L_MergedGlobals.1) for .L_MergedGlobals.1
    as5600.o(.ARM.exidx.text.getAngle) refers to as5600.o(.text.getAngle) for [Anonymous Symbol]
    main.o(.text._normalizeAngle) refers to f2d.o(x$fpl$f2d) for __aeabi_f2d
[...]
    stm32g4xx_hal_uart_ex.c                  0x00000000   Number         0  stm32g4xx_hal_uart_ex.o ABSOLUTE
    stm32g4xx_it.c                           0x00000000   Number         0  stm32g4xx_it.o ABSOLUTE
    system_stm32g4xx.c                       0x00000000   Number         0  system_stm32g4xx.o ABSOLUTE
    tim.c                                    0x00000000   Number         0  tim.o ABSOLUTE
    usart.c                                  0x00000000   Number         0  usart.o ABSOLUTE
    RESET                                    0x08000000   Section      472  startup_stm32g431xx.o(RESET)
    !!!main                                  0x080001d8   Section        8  __main.o(!!!main)
    !!!scatter                               0x080001e0   Section       52  __scatter.o(!!!scatter)
    !!handler_copy                           0x08000214   Section       26  __scatter_copy.o(!!handler_copy)
    !!handler_zi                             0x08000230   Section       28  __scatter_zi.o(!!handler_zi)
    .ARM.Collect$$libinit$$00000000          0x0800024c   Section        2  libinit.o(.ARM.Collect$$libinit$$00000000)
    .ARM.Collect$$libinit$$00000001          0x0800024e   Section        4  libinit2.o(.ARM.Collect$$libinit$$00000001)
    .ARM.Collect$$libinit$$00000004          0x08000252   Section        0  libinit2.o(.ARM.Collect$$libinit$$00000004)
    .ARM.Collect$$libinit$$00000006          0x08000252   Section        0  libinit2.o(.ARM.Collect$$libinit$$00000006)
    .ARM.Collect$$libinit$$0000000C          0x08000252   Section        0  libinit2.o(.ARM.Collect$$libinit$$0000000C)
    .ARM.Collect$$libinit$$0000000E          0x08000252   Section        0  libinit2.o(.ARM.Collect$$libinit$$0000000E)
    .ARM.Collect$$libinit$$00000010          0x08000252   Section        0  libinit2.o(.ARM.Collect$$libinit$$00000010)
    .ARM.Collect$$libinit$$00000013          0x08000252   Section        0  libinit2.o(.ARM.Collect$$libinit$$00000013)
    .ARM.Collect$$libinit$$00000015          0x08000252   Section        0  libinit2.o(.ARM.Collect$$libinit$$00000015)
    .ARM.Collect$$libinit$$00000017          0x08000252   Section        0  libinit2.o(.ARM.Collect$$libinit$$00000017)
    .ARM.Collect$$libinit$$00000019          0x08000252   Section        0  libinit2.o(.ARM.Collect$$libinit$$00000019)
    .ARM.Collect$$libinit$$0000001B          0x08000252   Section        0  libinit2.o(.ARM.Collect$$libinit$$0000001B)
    .ARM.Collect$$libinit$$0000001D          0x08000252   Section        0  libinit2.o(.ARM.Collect$$libinit$$0000001D)
    .ARM.Collect$$libinit$$0000001F          0x08000252   Section        0  libinit2.o(.ARM.Collect$$libinit$$0000001F)
    .ARM.Collect$$libinit$$00000021          0x08000252   Section        0  libinit2.o(.ARM.Collect$$libinit$$00000021)
    .ARM.Collect$$libinit$$00000023          0x08000252   Section        0  libinit2.o(.ARM.Collect$$libinit$$00000023)
    .ARM.Collect$$libinit$$00000025          0x08000252   Section        0  libinit2.o(.ARM.Collect$$libinit$$00000025)
    .ARM.Collect$$libinit$$00000027          0x08000252   Section        0  libinit2.o(.ARM.Collect$$libinit$$00000027)
    .ARM.Collect$$libinit$$0000002E          0x08000252   Section        0  libinit2.o(.ARM.Collect$$libinit$$0000002E)
    .ARM.Collect$$libinit$$00000030          0x08000252   Section        0  libinit2.o(.ARM.Collect$$libinit$$00000030)
    .ARM.Collect$$libinit$$00000032          0x08000252   Section        0  libinit2.o(.ARM.Collect$$libinit$$00000032)
    .ARM.Collect$$libinit$$00000034          0x08000252   Section        0  libinit2.o(.ARM.Collect$$libinit$$00000034)
    .ARM.Collect$$libinit$$00000035          0x08000252   Section        2  libinit2.o(.ARM.Collect$$libinit$$00000035)
    .ARM.Collect$$libshutdown$$00000000      0x08000254   Section        2  libshutdown.o(.ARM.Collect$$libshutdown$$00000000)
    .ARM.Collect$$libshutdown$$00000002      0x08000256   Section        0  libshutdown2.o(.ARM.Collect$$libshutdown$$00000002)
    .ARM.Collect$$libshutdown$$00000004      0x08000256   Section        0  libshutdown2.o(.ARM.Collect$$libshutdown$$00000004)
    .ARM.Collect$$libshutdown$$00000007      0x08000256   Section        0  libshutdown2.o(.ARM.Collect$$libshutdown$$00000007)
    .ARM.Collect$$libshutdown$$0000000A      0x08000256   Section        0  libshutdown2.o(.ARM.Collect$$libshutdown$$0000000A)
    .ARM.Collect$$libshutdown$$0000000C      0x08000256   Section        0  libshutdown2.o(.ARM.Collect$$libshutdown$$0000000C)
    .ARM.Collect$$libshutdown$$0000000F      0x08000256   Section        0  libshutdown2.o(.ARM.Collect$$libshutdown$$0000000F)
    .ARM.Collect$$libshutdown$$00000010      0x08000256   Section        2  libshutdown2.o(.ARM.Collect$$libshutdown$$00000010)
    .ARM.Collect$$rtentry$$00000000          0x08000258   Section        0  __rtentry.o(.ARM.Collect$$rtentry$$00000000)
    .ARM.Collect$$rtentry$$00000002          0x08000258   Section        0  __rtentry2.o(.ARM.Collect$$rtentry$$00000002)
    .ARM.Collect$$rtentry$$00000004          0x08000258   Section        6  __rtentry4.o(.ARM.Collect$$rtentry$$00000004)
    .ARM.Collect$$rtentry$$00000009          0x0800025e   Section        0  __rtentry2.o(.ARM.Collect$$rtentry$$00000009)
    .ARM.Collect$$rtentry$$0000000A          0x0800025e   Section        4  __rtentry2.o(.ARM.Collect$$rtentry$$0000000A)
    .ARM.Collect$$rtentry$$0000000C          0x08000262   Section        0  __rtentry2.o(.ARM.Collect$$rtentry$$0000000C)
    .ARM.Collect$$rtentry$$0000000D          0x08000262   Section        8  __rtentry2.o(.ARM.Collect$$rtentry$$0000000D)
    .ARM.Collect$$rtexit$$00000000           0x0800026a   Section        2  rtexit.o(.ARM.Collect$$rtexit$$00000000)
    .ARM.Collect$$rtexit$$00000002           0x0800026c   Section        0  rtexit2.o(.ARM.Collect$$rtexit$$00000002)
    .ARM.Collect$$rtexit$$00000003           0x0800026c   Section        4  rtexit2.o(.ARM.Collect$$rtexit$$00000003)
    .ARM.Collect$$rtexit$$00000004           0x08000270   Section        6  rtexit2.o(.ARM.Collect$$rtexit$$00000004)
    $v0                                      0x08000278   Number         0  startup_stm32g431xx.o(.text)
    .text                                    0x08000278   Section       64  startup_stm32g431xx.o(.text)
    .text                                    0x080002b8   Section      240  lludivv7m.o(.text)
    .text                                    0x080003a8   Section       78  rt_memclr_w.o(.text)
    .text                                    0x080003f6   Section        0  heapauxi.o(.text)
    .text                                    0x080003fc   Section        0  _rserrno.o(.text)
    .text                                    0x08000414   Section        8  rt_errno_addr_intlibspace.o(.text)
    .text                                    0x0800041c   Section        8  libspace.o(.text)
    .text                                    0x08000424   Section       74  sys_stackheap_outer.o(.text)
    .text                                    0x0800046e   Section        0  exit.o(.text)
    .text                                    0x08000480   Section        0  sys_exit.o(.text)
    .text                                    0x0800048c   Section        2  use_no_semi.o(.text)
    .text                                    0x0800048e   Section        0  indicate_semi.o(.text)
    [Anonymous Symbol]                       0x08000490   Section        0  stm32g4xx_it.o(.text.BusFault_Handler)
    [Anonymous Symbol]                       0x08000494   Section        0  stm32g4xx_it.o(.text.DMA1_Channel1_IRQHandler)
    [Anonymous Symbol]                       0x080004a0   Section        0  stm32g4xx_it.o(.text.DMA1_Channel2_IRQHandler)
    [Anonymous Symbol]                       0x080004ac   Section        0  stm32g4xx_it.o(.text.DebugMon_Handler)
    [Anonymous Symbol]                       0x080004b0   Section        0  main.o(.text.Error_Handler)
    [Anonymous Symbol]                       0x080004bc   Section        0  stm32g4xx_hal_dma.o(.text.HAL_DMA_Abort)
    [Anonymous Symbol]                       0x0800052c   Section        0  stm32g4xx_hal_dma.o(.text.HAL_DMA_Abort_IT)
    [Anonymous Symbol]                       0x080005a8   Section        0  stm32g4xx_hal_dma.o(.text.HAL_DMA_IRQHandler)
    [Anonymous Symbol]                       0x08000654   Section        0  stm32g4xx_hal_dma.o(.text.HAL_DMA_Init)
    [Anonymous Symbol]                       0x08000780   Section        0  stm32g4xx_hal.o(.text.HAL_Delay)
    [Anonymous Symbol]                       0x080007a8   Section        0  stm32g4xx_hal_gpio.o(.text.HAL_GPIO_Init)
    [Anonymous Symbol]                       0x08000954   Section        0  stm32g4xx_hal.o(.text.HAL_GetTick)
    [Anonymous Symbol]                       0x08000960   Section        0  stm32g4xx_hal_i2c_ex.o(.text.HAL_I2CEx_ConfigAnalogFilter)
    [Anonymous Symbol]                       0x080009ac   Section        0  stm32g4xx_hal_i2c_ex.o(.text.HAL_I2CEx_ConfigDigitalFilter)
    [Anonymous Symbol]                       0x080009f4   Section        0  stm32g4xx_hal_i2c.o(.text.HAL_I2C_Init)
    [Anonymous Symbol]                       0x08000a98   Section        0  stm32g4xx_hal_i2c.o(.text.HAL_I2C_Mem_Read)
    [Anonymous Symbol]                       0x08000ce8   Section        0  i2c.o(.text.HAL_I2C_MspInit)
    [Anonymous Symbol]                       0x08000da4   Section        0  stm32g4xx_hal.o(.text.HAL_IncTick)
    [Anonymous Symbol]                       0x08000dc0   Section        0  stm32g4xx_hal.o(.text.HAL_Init)
    [Anonymous Symbol]                       0x08000de0   Section        0  stm32g4xx_hal.o(.text.HAL_InitTick)
    [Anonymous Symbol]                       0x08000e2c   Section        0  stm32g4xx_hal_msp.o(.text.HAL_MspInit)
    [Anonymous Symbol]                       0x08000e60   Section        0  stm32g4xx_hal_cortex.o(.text.HAL_NVIC_EnableIRQ)
    [Anonymous Symbol]                       0x08000e88   Section        0  stm32g4xx_hal_cortex.o(.text.HAL_NVIC_SetPriority)
    [Anonymous Symbol]                       0x08000ee0   Section        0  stm32g4xx_hal_cortex.o(.text.HAL_NVIC_SetPriorityGrouping)
    [Anonymous Symbol]                       0x08000f00   Section        0  stm32g4xx_hal_pwr_ex.o(.text.HAL_PWREx_ControlVoltageScaling)
    [Anonymous Symbol]                       0x08001028   Section        0  stm32g4xx_hal_pwr_ex.o(.text.HAL_PWREx_DisableUCPDDeadBattery)
    [Anonymous Symbol]                       0x0800103c   Section        0  stm32g4xx_hal_rcc_ex.o(.text.HAL_RCCEx_PeriphCLKConfig)
    [Anonymous Symbol]                       0x080012a8   Section        0  stm32g4xx_hal_rcc.o(.text.HAL_RCC_ClockConfig)
    [Anonymous Symbol]                       0x080015bc   Section        0  stm32g4xx_hal_rcc.o(.text.HAL_RCC_GetPCLK1Freq)
    [Anonymous Symbol]                       0x080015e8   Section        0  stm32g4xx_hal_rcc.o(.text.HAL_RCC_GetPCLK2Freq)
    [Anonymous Symbol]                       0x08001614   Section        0  stm32g4xx_hal_rcc.o(.text.HAL_RCC_GetSysClockFreq)
    [Anonymous Symbol]                       0x08001694   Section        0  stm32g4xx_hal_rcc.o(.text.HAL_RCC_OscConfig)
    [Anonymous Symbol]                       0x08001b44   Section        0  stm32g4xx_hal_cortex.o(.text.HAL_SYSTICK_Config)
    [Anonymous Symbol]                       0x08001b70   Section        0  stm32g4xx_hal_tim_ex.o(.text.HAL_TIMEx_ConfigBreakDeadTime)
    [Anonymous Symbol]                       0x08001c30   Section        0  stm32g4xx_hal_tim_ex.o(.text.HAL_TIMEx_MasterConfigSynchronization)
    [Anonymous Symbol]                       0x08001cd4   Section        0  stm32g4xx_hal_tim.o(.text.HAL_TIM_Base_Init)
    [Anonymous Symbol]                       0x08001d38   Section        0  tim.o(.text.HAL_TIM_Base_MspInit)
    [Anonymous Symbol]                       0x08001d6c   Section        0  stm32g4xx_hal_tim.o(.text.HAL_TIM_ConfigClockSource)
    [Anonymous Symbol]                       0x08001f6c   Section        0  stm32g4xx_hal_tim.o(.text.HAL_TIM_PWM_ConfigChannel)
    [Anonymous Symbol]                       0x0800233c   Section        0  stm32g4xx_hal_tim.o(.text.HAL_TIM_PWM_Init)
    [Anonymous Symbol]                       0x080023a0   Section        0  stm32g4xx_hal_tim.o(.text.HAL_TIM_PWM_MspInit)
    [Anonymous Symbol]                       0x080023a4   Section        0  stm32g4xx_hal_tim.o(.text.HAL_TIM_PWM_Start)
    [Anonymous Symbol]                       0x0800252c   Section        0  stm32g4xx_hal_uart_ex.o(.text.HAL_UARTEx_DisableFifoMode)
    [Anonymous Symbol]                       0x08002564   Section        0  stm32g4xx_hal_uart.o(.text.HAL_UARTEx_RxEventCallback)
    [Anonymous Symbol]                       0x08002568   Section        0  stm32g4xx_hal_uart_ex.o(.text.HAL_UARTEx_RxFifoFullCallback)
    [Anonymous Symbol]                       0x0800256c   Section        0  stm32g4xx_hal_uart_ex.o(.text.HAL_UARTEx_SetRxFifoThreshold)
    [Anonymous Symbol]                       0x080025f8   Section        0  stm32g4xx_hal_uart_ex.o(.text.HAL_UARTEx_SetTxFifoThreshold)
    [Anonymous Symbol]                       0x08002684   Section        0  stm32g4xx_hal_uart_ex.o(.text.HAL_UARTEx_TxFifoEmptyCallback)
    [Anonymous Symbol]                       0x08002688   Section        0  stm32g4xx_hal_uart_ex.o(.text.HAL_UARTEx_WakeupCallback)
    [Anonymous Symbol]                       0x0800268c   Section        0  stm32g4xx_hal_uart.o(.text.HAL_UART_ErrorCallback)
    [Anonymous Symbol]                       0x08002690   Section        0  stm32g4xx_hal_uart.o(.text.HAL_UART_IRQHandler)
    [Anonymous Symbol]                       0x08002cb8   Section        0  stm32g4xx_hal_uart.o(.text.HAL_UART_Init)
    [Anonymous Symbol]                       0x08002d84   Section        0  usart.o(.text.HAL_UART_MspInit)
    [Anonymous Symbol]                       0x08002e84   Section        0  stm32g4xx_hal_uart.o(.text.HAL_UART_TxCpltCallback)
    [Anonymous Symbol]                       0x08002e88   Section        0  stm32g4xx_it.o(.text.HardFault_Handler)
    I2C_IsErrorOccurred                      0x08002e8d   Thumb Code   342  stm32g4xx_hal_i2c.o(.text.I2C_IsErrorOccurred)
    [Anonymous Symbol]                       0x08002e8c   Section        0  stm32g4xx_hal_i2c.o(.text.I2C_IsErrorOccurred)
    I2C_RequestMemoryRead                    0x08002fe5   Thumb Code   214  stm32g4xx_hal_i2c.o(.text.I2C_RequestMemoryRead)
    [Anonymous Symbol]                       0x08002fe4   Section        0  stm32g4xx_hal_i2c.o(.text.I2C_RequestMemoryRead)
    I2C_WaitOnSTOPFlagUntilTimeout           0x080030bd   Thumb Code   108  stm32g4xx_hal_i2c.o(.text.I2C_WaitOnSTOPFlagUntilTimeout)
    [Anonymous Symbol]                       0x080030bc   Section        0  stm32g4xx_hal_i2c.o(.text.I2C_WaitOnSTOPFlagUntilTimeout)
    I2C_WaitOnTXISFlagUntilTimeout           0x08003129   Thumb Code   136  stm32g4xx_hal_i2c.o(.text.I2C_WaitOnTXISFlagUntilTimeout)
    [Anonymous Symbol]                       0x08003128   Section        0  stm32g4xx_hal_i2c.o(.text.I2C_WaitOnTXISFlagUntilTimeout)
    [Anonymous Symbol]                       0x080031b0   Section        0  dma.o(.text.MX_DMA_Init)
    [Anonymous Symbol]                       0x08003208   Section        0  gpio.o(.text.MX_GPIO_Init)
    [Anonymous Symbol]                       0x08003260   Section        0  i2c.o(.text.MX_I2C1_Init)
    [Anonymous Symbol]                       0x080032cc   Section        0  tim.o(.text.MX_TIM1_Init)
    [Anonymous Symbol]                       0x08003450   Section        0  usart.o(.text.MX_USART2_UART_Init)
    [Anonymous Symbol]                       0x080034d4   Section        0  stm32g4xx_it.o(.text.MemManage_Handler)
    [Anonymous Symbol]                       0x080034d8   Section        0  stm32g4xx_it.o(.text.NMI_Handler)
    [Anonymous Symbol]                       0x080034dc   Section        0  stm32g4xx_it.o(.text.PendSV_Handler)
    [Anonymous Symbol]                       0x080034e0   Section        0  stm32g4xx_it.o(.text.SVC_Handler)
    [Anonymous Symbol]                       0x080034e4   Section        0  stm32g4xx_it.o(.text.SysTick_Handler)
    [Anonymous Symbol]                       0x080034e8   Section        0  system_stm32g4xx.o(.text.SystemInit)
    [Anonymous Symbol]                       0x080034fc   Section        0  stm32g4xx_hal_tim.o(.text.TIM_Base_SetConfig)
    [Anonymous Symbol]                       0x08003608   Section        0  stm32g4xx_hal_uart.o(.text.UART_AdvFeatureConfig)
    UART_DMAAbortOnError                     0x080036f1   Thumb Code    16  stm32g4xx_hal_uart.o(.text.UART_DMAAbortOnError)
    [Anonymous Symbol]                       0x080036f0   Section        0  stm32g4xx_hal_uart.o(.text.UART_DMAAbortOnError)
    [Anonymous Symbol]                       0x08003700   Section        0  stm32g4xx_hal_uart.o(.text.UART_SetConfig)
    [Anonymous Symbol]                       0x080039a4   Section        0  stm32g4xx_hal_uart.o(.text.UART_WaitOnFlagUntilTimeout)
    [Anonymous Symbol]                       0x08003bb8   Section        0  stm32g4xx_it.o(.text.USART2_IRQHandler)
    [Anonymous Symbol]                       0x08003bc4   Section        0  stm32g4xx_it.o(.text.UsageFault_Handler)
    [Anonymous Symbol]                       0x08003bc8   Section        0  as5600.o(.text.getAngle)
    [Anonymous Symbol]                       0x08003c30   Section        0  as5600.o(.text.getAngle_Without_track)
    [Anonymous Symbol]                       0x08003ce8   Section        0  main.o(.text.main)
    [Anonymous Symbol]                       0x08003ec8   Section        0  main.o(.text.setTorque)
    i.__ARM_fpclassify                       0x0800416c   Section        0  fpclassify.o(i.__ARM_fpclassify)
    i.__hardfp_cos                           0x080041a0   Section        0  cos.o(i.__hardfp_cos)
    i.__hardfp_fmod                          0x08004268   Section        0  fmod.o(i.__hardfp_fmod)
    i.__hardfp_sin                           0x08004370   Section        0  sin.o(i.__hardfp_sin)
    i.__ieee754_rem_pio2                     0x08004438   Section        0  rred.o(i.__ieee754_rem_pio2)
    i.__kernel_cos                           0x08004870   Section        0  cos_i.o(i.__kernel_cos)
    i.__kernel_poly                          0x080049e0   Section        0  poly.o(i.__kernel_poly)
    i.__kernel_sin                           0x08004ad8   Section        0  sin_i.o(i.__kernel_sin)
    i.__mathlib_dbl_infnan                   0x08004c08   Section        0  dunder.o(i.__mathlib_dbl_infnan)
    i.__mathlib_dbl_invalid                  0x08004c20   Section        0  dunder.o(i.__mathlib_dbl_invalid)
    i.__mathlib_dbl_underflow                0x08004c40   Section        0  dunder.o(i.__mathlib_dbl_underflow)
    i.fabs                                   0x08004c60   Section        0  fabs.o(i.fabs)
    $v0                                      0x08004c78   Number         0  basic.o(x$fpl$basic)
    x$fpl$basic                              0x08004c78   Section       24  basic.o(x$fpl$basic)
    $v0                                      0x08004c90   Number         0  d2f.o(x$fpl$d2f)
    x$fpl$d2f                                0x08004c90   Section       98  d2f.o(x$fpl$d2f)
    $v0                                      0x08004cf4   Number         0  daddsub_clz.o(x$fpl$dadd)
    x$fpl$dadd                               0x08004cf4   Section      336  daddsub_clz.o(x$fpl$dadd)
    _dadd1                                   0x08004d05   Thumb Code     0  daddsub_clz.o(x$fpl$dadd)
    $v0                                      0x08004e44   Number         0  ddiv.o(x$fpl$ddiv)
    x$fpl$ddiv                               0x08004e44   Section      692  ddiv.o(x$fpl$ddiv)
    ddiv_entry                               0x08004e4b   Thumb Code     0  ddiv.o(x$fpl$ddiv)
    $v0                                      0x080050f8   Number         0  dfix.o(x$fpl$dfix)
    x$fpl$dfix                               0x080050f8   Section       94  dfix.o(x$fpl$dfix)
    $v0                                      0x08005156   Number         0  dflt_clz.o(x$fpl$dflt)
    x$fpl$dflt                               0x08005156   Section       46  dflt_clz.o(x$fpl$dflt)
    $v0                                      0x08005184   Number         0  dflt_clz.o(x$fpl$dfltu)
    x$fpl$dfltu                              0x08005184   Section       38  dflt_clz.o(x$fpl$dfltu)
    $v0                                      0x080051ac   Number         0  dmul.o(x$fpl$dmul)
    x$fpl$dmul                               0x080051ac   Section      340  dmul.o(x$fpl$dmul)
    $v0                                      0x08005300   Number         0  dnaninf.o(x$fpl$dnaninf)
    x$fpl$dnaninf                            0x08005300   Section      156  dnaninf.o(x$fpl$dnaninf)
    $v0                                      0x0800539c   Number         0  drem_clz.o(x$fpl$drem)
    x$fpl$drem                               0x0800539c   Section      336  drem_clz.o(x$fpl$drem)
    $v0                                      0x080054ec   Number         0  dretinf.o(x$fpl$dretinf)
    x$fpl$dretinf                            0x080054ec   Section       12  dretinf.o(x$fpl$dretinf)
    $v0                                      0x080054f8   Number         0  daddsub_clz.o(x$fpl$drsb)
    x$fpl$drsb                               0x080054f8   Section       22  daddsub_clz.o(x$fpl$drsb)
    $v0                                      0x08005510   Number         0  daddsub_clz.o(x$fpl$dsub)
    x$fpl$dsub                               0x08005510   Section      476  daddsub_clz.o(x$fpl$dsub)
    _dsub1                                   0x08005521   Thumb Code     0  daddsub_clz.o(x$fpl$dsub)
    $v0                                      0x080056ec   Number         0  f2d.o(x$fpl$f2d)
    x$fpl$f2d                                0x080056ec   Section       86  f2d.o(x$fpl$f2d)
    $v0                                      0x08005742   Number         0  fnaninf.o(x$fpl$fnaninf)
    x$fpl$fnaninf                            0x08005742   Section      140  fnaninf.o(x$fpl$fnaninf)
    $v0                                      0x080057ce   Number         0  fpinit.o(x$fpl$fpinit)
    x$fpl$fpinit                             0x080057ce   Section       26  fpinit.o(x$fpl$fpinit)
    $v0                                      0x080057e8   Number         0  fretinf.o(x$fpl$fretinf)
    x$fpl$fretinf                            0x080057e8   Section       10  fretinf.o(x$fpl$fretinf)
    x$fpl$usenofp                            0x080057f2   Section        0  usenofp.o(x$fpl$usenofp)
    C                                        0x080057f8   Data          48  cos_i.o(.constdata)
    .constdata                               0x080057f8   Section       48  cos_i.o(.constdata)
    pio2s                                    0x08005828   Data          48  rred.o(.constdata)
    .constdata                               0x08005828   Section      204  rred.o(.constdata)
    twooverpi                                0x08005858   Data         156  rred.o(.constdata)
    S                                        0x080058f8   Data          40  sin_i.o(.constdata)
    .constdata                               0x080058f8   Section       40  sin_i.o(.constdata)
    .Lswitch.table.UART_SetConfig.4          0x08005950   Data          16  stm32g4xx_hal_uart.o(.rodata.cst16)
    UARTEx_SetNbDataToProcess.numerator      0x08005960   Data           8  stm32g4xx_hal_uart_ex.o(.rodata.cst8)
    [Anonymous Symbol]                       0x08005960   Section        0  stm32g4xx_hal_uart_ex.o(.rodata.cst8)
    UARTEx_SetNbDataToProcess.denominator    0x08005968   Data           8  stm32g4xx_hal_uart_ex.o(.rodata.cst8)
    .L_MergedGlobals                         0x20000000   Data          12  as5600.o(.data..L_MergedGlobals)
    [Anonymous Symbol]                       0x20000000   Section        0  as5600.o(.data..L_MergedGlobals)
    .L_MergedGlobals                         0x2000000c   Data          20  main.o(.data..L_MergedGlobals)
    [Anonymous Symbol]                       0x2000000c   Section        0  main.o(.data..L_MergedGlobals)
    .L_MergedGlobals                         0x20000020   Data           8  stm32g4xx_hal.o(.data..L_MergedGlobals)
    [Anonymous Symbol]                       0x20000020   Section        0  stm32g4xx_hal.o(.data..L_MergedGlobals)
    .bss                                     0x20000030   Section       96  libspace.o(.bss)
    .L_MergedGlobals.1                       0x20000090   Data           8  as5600.o(.bss..L_MergedGlobals.1)
    [Anonymous Symbol]                       0x20000090   Section        0  as5600.o(.bss..L_MergedGlobals.1)
    .L_MergedGlobals.1                       0x20000098   Data          20  main.o(.bss..L_MergedGlobals.1)
    [Anonymous Symbol]                       0x20000098   Section        0  main.o(.bss..L_MergedGlobals.1)
    Heap_Mem                                 0x200002a0   Data         512  startup_stm32g431xx.o(HEAP)
    HEAP                                     0x200002a0   Section      512  startup_stm32g431xx.o(HEAP)
    Stack_Mem                                0x200004a0   Data        1024  startup_stm32g431xx.o(STACK)
    STACK                                    0x200004a0   Section     1024  startup_stm32g431xx.o(STACK)
    __initial_sp                             0x200008a0   Data           0  startup_stm32g431xx.o(STACK)

    Global Symbols

    Symbol Name                              Value     Ov Type        Size  Object(Section)

    BuildAttributes$$THM_ISAv4$E$P$D$K$B$S$7EM$VFPi3$EXTD16$VFPS$VFMA$PE$A:L22UL41UL21$X:L11$S22US41US21$IEEE1$IW$~IW$USESV6$~STKCKD$USESV7$~SHL$OTIME$ROPI$IEEEX$EBA8$UX$STANDARDLIB$REQ8$PRES8$EABIv2 0x00000000   Number         0  anon$$obj.o ABSOLUTE
    __ARM_exceptions_init                     - Undefined Weak Reference
    __alloca_initialize                       - Undefined Weak Reference
    __arm_preinit_                            - Undefined Weak Reference
    __arm_relocate_pie_                       - Undefined Weak Reference
    __cpp_initialize__aeabi_                  - Undefined Weak Reference
    __cxa_finalize                            - Undefined Weak Reference
    __rt_locale                               - Undefined Weak Reference
    __sigvec_lookup                           - Undefined Weak Reference
    _atexit_init                              - Undefined Weak Reference
    _call_atexit_fns                          - Undefined Weak Reference
    _clock_init                               - Undefined Weak Reference
    _fp_trap_init                             - Undefined Weak Reference
    _fp_trap_shutdown                         - Undefined Weak Reference
    _get_lc_collate                           - Undefined Weak Reference
    _get_lc_ctype                             - Undefined Weak Reference
    _get_lc_monetary                          - Undefined Weak Reference
    _get_lc_numeric                           - Undefined Weak Reference
    _get_lc_time                              - Undefined Weak Reference
    _getenv_init                              - Undefined Weak Reference
    _handle_redirection                       - Undefined Weak Reference
    _init_alloc                               - Undefined Weak Reference
    _init_user_alloc                          - Undefined Weak Reference
    _initio                                   - Undefined Weak Reference
    _rand_init                                - Undefined Weak Reference
    _signal_finish                            - Undefined Weak Reference
    _signal_init                              - Undefined Weak Reference
    _terminate_alloc                          - Undefined Weak Reference
    _terminate_user_alloc                     - Undefined Weak Reference
    _terminateio                              - Undefined Weak Reference
    __Vectors_Size                           0x000001d8   Number         0  startup_stm32g431xx.o ABSOLUTE
    __Vectors                                0x08000000   Data           4  startup_stm32g431xx.o(RESET)
    __Vectors_End                            0x080001d8   Data           0  startup_stm32g431xx.o(RESET)
    __main                                   0x080001d9   Thumb Code     8  __main.o(!!!main)
    __scatterload                            0x080001e1   Thumb Code     0  __scatter.o(!!!scatter)
    __scatterload_rt2                        0x080001e1   Thumb Code    44  __scatter.o(!!!scatter)
    __scatterload_rt2_thumb_only             0x080001e1   Thumb Code     0  __scatter.o(!!!scatter)
    __scatterload_null                       0x080001ef   Thumb Code     0  __scatter.o(!!!scatter)
    __scatterload_copy                       0x08000215   Thumb Code    26  __scatter_copy.o(!!handler_copy)
    __scatterload_zeroinit                   0x08000231   Thumb Code    28  __scatter_zi.o(!!handler_zi)
    __rt_lib_init                            0x0800024d   Thumb Code     0  libinit.o(.ARM.Collect$$libinit$$00000000)
    __rt_lib_init_fp_1                       0x0800024f   Thumb Code     0  libinit2.o(.ARM.Collect$$libinit$$00000001)
    __rt_lib_init_alloca_1                   0x08000253   Thumb Code     0  libinit2.o(.ARM.Collect$$libinit$$00000030)
    __rt_lib_init_argv_1                     0x08000253   Thumb Code     0  libinit2.o(.ARM.Collect$$libinit$$0000002E)
    __rt_lib_init_atexit_1                   0x08000253   Thumb Code     0  libinit2.o(.ARM.Collect$$libinit$$0000001D)
    __rt_lib_init_clock_1                    0x08000253   Thumb Code     0  libinit2.o(.ARM.Collect$$libinit$$00000023)
    __rt_lib_init_cpp_1                      0x08000253   Thumb Code     0  libinit2.o(.ARM.Collect$$libinit$$00000034)
    __rt_lib_init_exceptions_1               0x08000253   Thumb Code     0  libinit2.o(.ARM.Collect$$libinit$$00000032)
    __rt_lib_init_fp_trap_1                  0x08000253   Thumb Code     0  libinit2.o(.ARM.Collect$$libinit$$00000021)
    __rt_lib_init_getenv_1                   0x08000253   Thumb Code     0  libinit2.o(.ARM.Collect$$libinit$$00000025)
    __rt_lib_init_heap_1                     0x08000253   Thumb Code     0  libinit2.o(.ARM.Collect$$libinit$$0000000C)
    __rt_lib_init_lc_collate_1               0x08000253   Thumb Code     0  libinit2.o(.ARM.Collect$$libinit$$00000013)
    __rt_lib_init_lc_ctype_1                 0x08000253   Thumb Code     0  libinit2.o(.ARM.Collect$$libinit$$00000015)
    __rt_lib_init_lc_monetary_1              0x08000253   Thumb Code     0  libinit2.o(.ARM.Collect$$libinit$$00000017)
    __rt_lib_init_lc_numeric_1               0x08000253   Thumb Code     0  libinit2.o(.ARM.Collect$$libinit$$00000019)
    __rt_lib_init_lc_time_1                  0x08000253   Thumb Code     0  libinit2.o(.ARM.Collect$$libinit$$0000001B)
    __rt_lib_init_preinit_1                  0x08000253   Thumb Code     0  libinit2.o(.ARM.Collect$$libinit$$00000006)
    __rt_lib_init_rand_1                     0x08000253   Thumb Code     0  libinit2.o(.ARM.Collect$$libinit$$00000010)
    __rt_lib_init_relocate_pie_1             0x08000253   Thumb Code     0  libinit2.o(.ARM.Collect$$libinit$$00000004)
    __rt_lib_init_return                     0x08000253   Thumb Code     0  libinit2.o(.ARM.Collect$$libinit$$00000035)
    __rt_lib_init_signal_1                   0x08000253   Thumb Code     0  libinit2.o(.ARM.Collect$$libinit$$0000001F)
    __rt_lib_init_stdio_1                    0x08000253   Thumb Code     0  libinit2.o(.ARM.Collect$$libinit$$00000027)
    __rt_lib_init_user_alloc_1               0x08000253   Thumb Code     0  libinit2.o(.ARM.Collect$$libinit$$0000000E)
    __rt_lib_shutdown                        0x08000255   Thumb Code     0  libshutdown.o(.ARM.Collect$$libshutdown$$00000000)
    __rt_lib_shutdown_cpp_1                  0x08000257   Thumb Code     0  libshutdown2.o(.ARM.Collect$$libshutdown$$00000002)
    __rt_lib_shutdown_fp_trap_1              0x08000257   Thumb Code     0  libshutdown2.o(.ARM.Collect$$libshutdown$$00000007)
    __rt_lib_shutdown_heap_1                 0x08000257   Thumb Code     0  libshutdown2.o(.ARM.Collect$$libshutdown$$0000000F)
    __rt_lib_shutdown_return                 0x08000257   Thumb Code     0  libshutdown2.o(.ARM.Collect$$libshutdown$$00000010)
    __rt_lib_shutdown_signal_1               0x08000257   Thumb Code     0  libshutdown2.o(.ARM.Collect$$libshutdown$$0000000A)
    __rt_lib_shutdown_stdio_1                0x08000257   Thumb Code     0  libshutdown2.o(.ARM.Collect$$libshutdown$$00000004)
    __rt_lib_shutdown_user_alloc_1           0x08000257   Thumb Code     0  libshutdown2.o(.ARM.Collect$$libshutdown$$0000000C)
    __rt_entry                               0x08000259   Thumb Code     0  __rtentry.o(.ARM.Collect$$rtentry$$00000000)
    __rt_entry_presh_1                       0x08000259   Thumb Code     0  __rtentry2.o(.ARM.Collect$$rtentry$$00000002)
    __rt_entry_sh                            0x08000259   Thumb Code     0  __rtentry4.o(.ARM.Collect$$rtentry$$00000004)
    __rt_entry_li                            0x0800025f   Thumb Code     0  __rtentry2.o(.ARM.Collect$$rtentry$$0000000A)
    __rt_entry_postsh_1                      0x0800025f   Thumb Code     0  __rtentry2.o(.ARM.Collect$$rtentry$$00000009)
    __rt_entry_main                          0x08000263   Thumb Code     0  __rtentry2.o(.ARM.Collect$$rtentry$$0000000D)
    __rt_entry_postli_1                      0x08000263   Thumb Code     0  __rtentry2.o(.ARM.Collect$$rtentry$$0000000C)
    __rt_exit                                0x0800026b   Thumb Code     0  rtexit.o(.ARM.Collect$$rtexit$$00000000)
    __rt_exit_ls                             0x0800026d   Thumb Code     0  rtexit2.o(.ARM.Collect$$rtexit$$00000003)
    __rt_exit_prels_1                        0x0800026d   Thumb Code     0  rtexit2.o(.ARM.Collect$$rtexit$$00000002)
    __rt_exit_exit                           0x08000271   Thumb Code     0  rtexit2.o(.ARM.Collect$$rtexit$$00000004)
    Reset_Handler                            0x08000279   Thumb Code     8  startup_stm32g431xx.o(.text)
    ADC1_2_IRQHandler                        0x08000293   Thumb Code     0  startup_stm32g431xx.o(.text)
    COMP1_2_3_IRQHandler                     0x08000293   Thumb Code     0  startup_stm32g431xx.o(.text)
    COMP4_IRQHandler                         0x08000293   Thumb Code     0  startup_stm32g431xx.o(.text)
    CORDIC_IRQHandler                        0x08000293   Thumb Code     0  startup_stm32g431xx.o(.text)
    CRS_IRQHandler                           0x08000293   Thumb Code     0  startup_stm32g431xx.o(.text)
    DMA1_Channel3_IRQHandler                 0x08000293   Thumb Code     0  startup_stm32g431xx.o(.text)
    DMA1_Channel4_IRQHandler                 0x08000293   Thumb Code     0  startup_stm32g431xx.o(.text)
    DMA1_Channel5_IRQHandler                 0x08000293   Thumb Code     0  startup_stm32g431xx.o(.text)
    DMA1_Channel6_IRQHandler                 0x08000293   Thumb Code     0  startup_stm32g431xx.o(.text)
    DMA2_Channel1_IRQHandler                 0x08000293   Thumb Code     0  startup_stm32g431xx.o(.text)
    DMA2_Channel2_IRQHandler                 0x08000293   Thumb Code     0  startup_stm32g431xx.o(.text)
    DMA2_Channel3_IRQHandler                 0x08000293   Thumb Code     0  startup_stm32g431xx.o(.text)
    DMA2_Channel4_IRQHandler                 0x08000293   Thumb Code     0  startup_stm32g431xx.o(.text)
    DMA2_Channel5_IRQHandler                 0x08000293   Thumb Code     0  startup_stm32g431xx.o(.text)
    DMA2_Channel6_IRQHandler                 0x08000293   Thumb Code     0  startup_stm32g431xx.o(.text)
    DMAMUX_OVR_IRQHandler                    0x08000293   Thumb Code     0  startup_stm32g431xx.o(.text)
    EXTI0_IRQHandler                         0x08000293   Thumb Code     0  startup_stm32g431xx.o(.text)
    EXTI15_10_IRQHandler                     0x08000293   Thumb Code     0  startup_stm32g431xx.o(.text)
    EXTI1_IRQHandler                         0x08000293   Thumb Code     0  startup_stm32g431xx.o(.text)
    EXTI2_IRQHandler                         0x08000293   Thumb Code     0  startup_stm32g431xx.o(.text)
    EXTI3_IRQHandler                         0x08000293   Thumb Code     0  startup_stm32g431xx.o(.text)
    EXTI4_IRQHandler                         0x08000293   Thumb Code     0  startup_stm32g431xx.o(.text)
    EXTI9_5_IRQHandler                       0x08000293   Thumb Code     0  startup_stm32g431xx.o(.text)
    FDCAN1_IT0_IRQHandler                    0x08000293   Thumb Code     0  startup_stm32g431xx.o(.text)
    FDCAN1_IT1_IRQHandler                    0x08000293   Thumb Code     0  startup_stm32g431xx.o(.text)
    FLASH_IRQHandler                         0x08000293   Thumb Code     0  startup_stm32g431xx.o(.text)
    FMAC_IRQHandler                          0x08000293   Thumb Code     0  startup_stm32g431xx.o(.text)
    FPU_IRQHandler                           0x08000293   Thumb Code     0  startup_stm32g431xx.o(.text)
    I2C1_ER_IRQHandler                       0x08000293   Thumb Code     0  startup_stm32g431xx.o(.text)
    I2C1_EV_IRQHandler                       0x08000293   Thumb Code     0  startup_stm32g431xx.o(.text)
    I2C2_ER_IRQHandler                       0x08000293   Thumb Code     0  startup_stm32g431xx.o(.text)
    I2C2_EV_IRQHandler                       0x08000293   Thumb Code     0  startup_stm32g431xx.o(.text)
    I2C3_ER_IRQHandler                       0x08000293   Thumb Code     0  startup_stm32g431xx.o(.text)
    I2C3_EV_IRQHandler                       0x08000293   Thumb Code     0  startup_stm32g431xx.o(.text)
    LPTIM1_IRQHandler                        0x08000293   Thumb Code     0  startup_stm32g431xx.o(.text)
    LPUART1_IRQHandler                       0x08000293   Thumb Code     0  startup_stm32g431xx.o(.text)
    PVD_PVM_IRQHandler                       0x08000293   Thumb Code     0  startup_stm32g431xx.o(.text)
    RCC_IRQHandler                           0x08000293   Thumb Code     0  startup_stm32g431xx.o(.text)
    RNG_IRQHandler                           0x08000293   Thumb Code     0  startup_stm32g431xx.o(.text)
    RTC_Alarm_IRQHandler                     0x08000293   Thumb Code     0  startup_stm32g431xx.o(.text)
    RTC_TAMP_LSECSS_IRQHandler               0x08000293   Thumb Code     0  startup_stm32g431xx.o(.text)
    RTC_WKUP_IRQHandler                      0x08000293   Thumb Code     0  startup_stm32g431xx.o(.text)
    SAI1_IRQHandler                          0x08000293   Thumb Code     0  startup_stm32g431xx.o(.text)
    SPI1_IRQHandler                          0x08000293   Thumb Code     0  startup_stm32g431xx.o(.text)
    SPI2_IRQHandler                          0x08000293   Thumb Code     0  startup_stm32g431xx.o(.text)
    SPI3_IRQHandler                          0x08000293   Thumb Code     0  startup_stm32g431xx.o(.text)
    TIM1_BRK_TIM15_IRQHandler                0x08000293   Thumb Code     0  startup_stm32g431xx.o(.text)
    TIM1_CC_IRQHandler                       0x08000293   Thumb Code     0  startup_stm32g431xx.o(.text)
    TIM1_TRG_COM_TIM17_IRQHandler            0x08000293   Thumb Code     0  startup_stm32g431xx.o(.text)
    TIM1_UP_TIM16_IRQHandler                 0x08000293   Thumb Code     0  startup_stm32g431xx.o(.text)
    TIM2_IRQHandler                          0x08000293   Thumb Code     0  startup_stm32g431xx.o(.text)
    TIM3_IRQHandler                          0x08000293   Thumb Code     0  startup_stm32g431xx.o(.text)
    TIM4_IRQHandler                          0x08000293   Thumb Code     0  startup_stm32g431xx.o(.text)
    TIM6_DAC_IRQHandler                      0x08000293   Thumb Code     0  startup_stm32g431xx.o(.text)
    TIM7_IRQHandler                          0x08000293   Thumb Code     0  startup_stm32g431xx.o(.text)
    TIM8_BRK_IRQHandler                      0x08000293   Thumb Code     0  startup_stm32g431xx.o(.text)
    TIM8_CC_IRQHandler                       0x08000293   Thumb Code     0  startup_stm32g431xx.o(.text)
    TIM8_TRG_COM_IRQHandler                  0x08000293   Thumb Code     0  startup_stm32g431xx.o(.text)
    TIM8_UP_IRQHandler                       0x08000293   Thumb Code     0  startup_stm32g431xx.o(.text)
    UART4_IRQHandler                         0x08000293   Thumb Code     0  startup_stm32g431xx.o(.text)
    UCPD1_IRQHandler                         0x08000293   Thumb Code     0  startup_stm32g431xx.o(.text)
    USART1_IRQHandler                        0x08000293   Thumb Code     0  startup_stm32g431xx.o(.text)
    USART3_IRQHandler                        0x08000293   Thumb Code     0  startup_stm32g431xx.o(.text)
    USBWakeUp_IRQHandler                     0x08000293   Thumb Code     0  startup_stm32g431xx.o(.text)
    USB_HP_IRQHandler                        0x08000293   Thumb Code     0  startup_stm32g431xx.o(.text)
    USB_LP_IRQHandler                        0x08000293   Thumb Code     0  startup_stm32g431xx.o(.text)
    WWDG_IRQHandler                          0x08000293   Thumb Code     0  startup_stm32g431xx.o(.text)
    __user_initial_stackheap                 0x08000295   Thumb Code     0  startup_stm32g431xx.o(.text)
    __aeabi_uldivmod                         0x080002b9   Thumb Code     0  lludivv7m.o(.text)
    _ll_udiv                                 0x080002b9   Thumb Code   240  lludivv7m.o(.text)
    __aeabi_memclr4                          0x080003a9   Thumb Code     0  rt_memclr_w.o(.text)
    __aeabi_memclr8                          0x080003a9   Thumb Code     0  rt_memclr_w.o(.text)
    __rt_memclr_w                            0x080003a9   Thumb Code     0  rt_memclr_w.o(.text)
    _memset_w                                0x080003ad   Thumb Code    74  rt_memclr_w.o(.text)
    __use_two_region_memory                  0x080003f7   Thumb Code     2  heapauxi.o(.text)
    __rt_heap_escrow$2region                 0x080003f9   Thumb Code     2  heapauxi.o(.text)
    __rt_heap_expand$2region                 0x080003fb   Thumb Code     2  heapauxi.o(.text)
    __read_errno                             0x080003fd   Thumb Code    10  _rserrno.o(.text)
    __set_errno                              0x08000407   Thumb Code    12  _rserrno.o(.text)
    __aeabi_errno_addr                       0x08000415   Thumb Code     8  rt_errno_addr_intlibspace.o(.text)
    __errno$intlibspace                      0x08000415   Thumb Code     0  rt_errno_addr_intlibspace.o(.text)
    __rt_errno_addr$intlibspace              0x08000415   Thumb Code     0  rt_errno_addr_intlibspace.o(.text)
    __user_libspace                          0x0800041d   Thumb Code     8  libspace.o(.text)
    __user_perproc_libspace                  0x0800041d   Thumb Code     0  libspace.o(.text)
    __user_perthread_libspace                0x0800041d   Thumb Code     0  libspace.o(.text)
    __user_setup_stackheap                   0x08000425   Thumb Code    74  sys_stackheap_outer.o(.text)
    exit                                     0x0800046f   Thumb Code    18  exit.o(.text)
    _sys_exit                                0x08000481   Thumb Code     8  sys_exit.o(.text)
    __I$use$semihosting                      0x0800048d   Thumb Code     0  use_no_semi.o(.text)
    __use_no_semihosting_swi                 0x0800048d   Thumb Code     2  use_no_semi.o(.text)
    __semihosting_library_function           0x0800048f   Thumb Code     0  indicate_semi.o(.text)
    BusFault_Handler                         0x08000491   Thumb Code     2  stm32g4xx_it.o(.text.BusFault_Handler)
    DMA1_Channel1_IRQHandler                 0x08000495   Thumb Code    12  stm32g4xx_it.o(.text.DMA1_Channel1_IRQHandler)
    DMA1_Channel2_IRQHandler                 0x080004a1   Thumb Code    12  stm32g4xx_it.o(.text.DMA1_Channel2_IRQHandler)
    DebugMon_Handler                         0x080004ad   Thumb Code     2  stm32g4xx_it.o(.text.DebugMon_Handler)
    Error_Handler                            0x080004b1   Thumb Code    10  main.o(.text.Error_Handler)
    HAL_DMA_Abort                            0x080004bd   Thumb Code   112  stm32g4xx_hal_dma.o(.text.HAL_DMA_Abort)
    HAL_DMA_Abort_IT                         0x0800052d   Thumb Code   124  stm32g4xx_hal_dma.o(.text.HAL_DMA_Abort_IT)
    HAL_DMA_IRQHandler                       0x080005a9   Thumb Code   170  stm32g4xx_hal_dma.o(.text.HAL_DMA_IRQHandler)
    HAL_DMA_Init                             0x08000655   Thumb Code   298  stm32g4xx_hal_dma.o(.text.HAL_DMA_Init)
    HAL_Delay                                0x08000781   Thumb Code    40  stm32g4xx_hal.o(.text.HAL_Delay)
    HAL_GPIO_Init                            0x080007a9   Thumb Code   426  stm32g4xx_hal_gpio.o(.text.HAL_GPIO_Init)
    HAL_GetTick                              0x08000955   Thumb Code    12  stm32g4xx_hal.o(.text.HAL_GetTick)
    HAL_I2CEx_ConfigAnalogFilter             0x08000961   Thumb Code    74  stm32g4xx_hal_i2c_ex.o(.text.HAL_I2CEx_ConfigAnalogFilter)
    HAL_I2CEx_ConfigDigitalFilter            0x080009ad   Thumb Code    72  stm32g4xx_hal_i2c_ex.o(.text.HAL_I2CEx_ConfigDigitalFilter)
    HAL_I2C_Init                             0x080009f5   Thumb Code   162  stm32g4xx_hal_i2c.o(.text.HAL_I2C_Init)
    HAL_I2C_Mem_Read                         0x08000a99   Thumb Code   592  stm32g4xx_hal_i2c.o(.text.HAL_I2C_Mem_Read)
    HAL_I2C_MspInit                          0x08000ce9   Thumb Code   186  i2c.o(.text.HAL_I2C_MspInit)
    HAL_IncTick                              0x08000da5   Thumb Code    26  stm32g4xx_hal.o(.text.HAL_IncTick)
    HAL_Init                                 0x08000dc1   Thumb Code    30  stm32g4xx_hal.o(.text.HAL_Init)
    HAL_InitTick                             0x08000de1   Thumb Code    76  stm32g4xx_hal.o(.text.HAL_InitTick)
    HAL_MspInit                              0x08000e2d   Thumb Code    52  stm32g4xx_hal_msp.o(.text.HAL_MspInit)
    HAL_NVIC_EnableIRQ                       0x08000e61   Thumb Code    38  stm32g4xx_hal_cortex.o(.text.HAL_NVIC_EnableIRQ)
    HAL_NVIC_SetPriority                     0x08000e89   Thumb Code    86  stm32g4xx_hal_cortex.o(.text.HAL_NVIC_SetPriority)
    HAL_NVIC_SetPriorityGrouping             0x08000ee1   Thumb Code    32  stm32g4xx_hal_cortex.o(.text.HAL_NVIC_SetPriorityGrouping)
    HAL_PWREx_ControlVoltageScaling          0x08000f01   Thumb Code   294  stm32g4xx_hal_pwr_ex.o(.text.HAL_PWREx_ControlVoltageScaling)
    HAL_PWREx_DisableUCPDDeadBattery         0x08001029   Thumb Code    18  stm32g4xx_hal_pwr_ex.o(.text.HAL_PWREx_DisableUCPDDeadBattery)
    HAL_RCCEx_PeriphCLKConfig                0x0800103d   Thumb Code   618  stm32g4xx_hal_rcc_ex.o(.text.HAL_RCCEx_PeriphCLKConfig)
    HAL_RCC_ClockConfig                      0x080012a9   Thumb Code   788  stm32g4xx_hal_rcc.o(.text.HAL_RCC_ClockConfig)
    HAL_RCC_GetPCLK1Freq                     0x080015bd   Thumb Code    42  stm32g4xx_hal_rcc.o(.text.HAL_RCC_GetPCLK1Freq)
    HAL_RCC_GetPCLK2Freq                     0x080015e9   Thumb Code    42  stm32g4xx_hal_rcc.o(.text.HAL_RCC_GetPCLK2Freq)
    HAL_RCC_GetSysClockFreq                  0x08001615   Thumb Code   126  stm32g4xx_hal_rcc.o(.text.HAL_RCC_GetSysClockFreq)
    HAL_RCC_OscConfig                        0x08001695   Thumb Code  1200  stm32g4xx_hal_rcc.o(.text.HAL_RCC_OscConfig)
    HAL_SYSTICK_Config                       0x08001b45   Thumb Code    44  stm32g4xx_hal_cortex.o(.text.HAL_SYSTICK_Config)
    HAL_TIMEx_ConfigBreakDeadTime            0x08001b71   Thumb Code   192  stm32g4xx_hal_tim_ex.o(.text.HAL_TIMEx_ConfigBreakDeadTime)
    HAL_TIMEx_MasterConfigSynchronization    0x08001c31   Thumb Code   162  stm32g4xx_hal_tim_ex.o(.text.HAL_TIMEx_MasterConfigSynchronization)
    HAL_TIM_Base_Init                        0x08001cd5   Thumb Code    98  stm32g4xx_hal_tim.o(.text.HAL_TIM_Base_Init)
    HAL_TIM_Base_MspInit                     0x08001d39   Thumb Code    50  tim.o(.text.HAL_TIM_Base_MspInit)
    HAL_TIM_ConfigClockSource                0x08001d6d   Thumb Code   512  stm32g4xx_hal_tim.o(.text.HAL_TIM_ConfigClockSource)
    HAL_TIM_PWM_ConfigChannel                0x08001f6d   Thumb Code   974  stm32g4xx_hal_tim.o(.text.HAL_TIM_PWM_ConfigChannel)
    HAL_TIM_PWM_Init                         0x0800233d   Thumb Code    98  stm32g4xx_hal_tim.o(.text.HAL_TIM_PWM_Init)
    HAL_TIM_PWM_MspInit                      0x080023a1   Thumb Code     2  stm32g4xx_hal_tim.o(.text.HAL_TIM_PWM_MspInit)
    HAL_TIM_PWM_Start                        0x080023a5   Thumb Code   390  stm32g4xx_hal_tim.o(.text.HAL_TIM_PWM_Start)
    HAL_UARTEx_DisableFifoMode               0x0800252d   Thumb Code    54  stm32g4xx_hal_uart_ex.o(.text.HAL_UARTEx_DisableFifoMode)
    HAL_UARTEx_RxEventCallback               0x08002565   Thumb Code     2  stm32g4xx_hal_uart.o(.text.HAL_UARTEx_RxEventCallback)
    HAL_UARTEx_RxFifoFullCallback            0x08002569   Thumb Code     2  stm32g4xx_hal_uart_ex.o(.text.HAL_UARTEx_RxFifoFullCallback)
    HAL_UARTEx_SetRxFifoThreshold            0x0800256d   Thumb Code   140  stm32g4xx_hal_uart_ex.o(.text.HAL_UARTEx_SetRxFifoThreshold)
    HAL_UARTEx_SetTxFifoThreshold            0x080025f9   Thumb Code   140  stm32g4xx_hal_uart_ex.o(.text.HAL_UARTEx_SetTxFifoThreshold)
    HAL_UARTEx_TxFifoEmptyCallback           0x08002685   Thumb Code     2  stm32g4xx_hal_uart_ex.o(.text.HAL_UARTEx_TxFifoEmptyCallback)
    HAL_UARTEx_WakeupCallback                0x08002689   Thumb Code     2  stm32g4xx_hal_uart_ex.o(.text.HAL_UARTEx_WakeupCallback)
    HAL_UART_ErrorCallback                   0x0800268d   Thumb Code     2  stm32g4xx_hal_uart.o(.text.HAL_UART_ErrorCallback)
    HAL_UART_IRQHandler                      0x08002691   Thumb Code  1576  stm32g4xx_hal_uart.o(.text.HAL_UART_IRQHandler)
    HAL_UART_Init                            0x08002cb9   Thumb Code   202  stm32g4xx_hal_uart.o(.text.HAL_UART_Init)
    HAL_UART_MspInit                         0x08002d85   Thumb Code   256  usart.o(.text.HAL_UART_MspInit)
    HAL_UART_TxCpltCallback                  0x08002e85   Thumb Code     2  stm32g4xx_hal_uart.o(.text.HAL_UART_TxCpltCallback)
    HardFault_Handler                        0x08002e89   Thumb Code     2  stm32g4xx_it.o(.text.HardFault_Handler)
    MX_DMA_Init                              0x080031b1   Thumb Code    86  dma.o(.text.MX_DMA_Init)
    MX_GPIO_Init                             0x08003209   Thumb Code    86  gpio.o(.text.MX_GPIO_Init)
    MX_I2C1_Init                             0x08003261   Thumb Code   108  i2c.o(.text.MX_I2C1_Init)
    MX_TIM1_Init                             0x080032cd   Thumb Code   388  tim.o(.text.MX_TIM1_Init)
    MX_USART2_UART_Init                      0x08003451   Thumb Code   130  usart.o(.text.MX_USART2_UART_Init)
    MemManage_Handler                        0x080034d5   Thumb Code     2  stm32g4xx_it.o(.text.MemManage_Handler)
    NMI_Handler                              0x080034d9   Thumb Code     2  stm32g4xx_it.o(.text.NMI_Handler)
    PendSV_Handler                           0x080034dd   Thumb Code     2  stm32g4xx_it.o(.text.PendSV_Handler)
    SVC_Handler                              0x080034e1   Thumb Code     2  stm32g4xx_it.o(.text.SVC_Handler)
    SysTick_Handler                          0x080034e5   Thumb Code     4  stm32g4xx_it.o(.text.SysTick_Handler)
    SystemInit                               0x080034e9   Thumb Code    18  system_stm32g4xx.o(.text.SystemInit)
    TIM_Base_SetConfig                       0x080034fd   Thumb Code   266  stm32g4xx_hal_tim.o(.text.TIM_Base_SetConfig)
    UART_AdvFeatureConfig                    0x08003609   Thumb Code   232  stm32g4xx_hal_uart.o(.text.UART_AdvFeatureConfig)
    UART_SetConfig                           0x08003701   Thumb Code   660  stm32g4xx_hal_uart.o(.text.UART_SetConfig)
    UART_WaitOnFlagUntilTimeout              0x080039a5   Thumb Code   530  stm32g4xx_hal_uart.o(.text.UART_WaitOnFlagUntilTimeout)
    USART2_IRQHandler                        0x08003bb9   Thumb Code    12  stm32g4xx_it.o(.text.USART2_IRQHandler)
    UsageFault_Handler                       0x08003bc5   Thumb Code     2  stm32g4xx_it.o(.text.UsageFault_Handler)
    getAngle                                 0x08003bc9   Thumb Code   104  as5600.o(.text.getAngle)
    getAngle_Without_track                   0x08003c31   Thumb Code   184  as5600.o(.text.getAngle_Without_track)
    main                                     0x08003ce9   Thumb Code   480  main.o(.text.main)
    setTorque                                0x08003ec9   Thumb Code   676  main.o(.text.setTorque)
    __ARM_fpclassify                         0x0800416d   Thumb Code    48  fpclassify.o(i.__ARM_fpclassify)
    __hardfp_cos                             0x080041a1   Thumb Code   180  cos.o(i.__hardfp_cos)
    __hardfp_fmod                            0x08004269   Thumb Code   254  fmod.o(i.__hardfp_fmod)
    __hardfp_sin                             0x08004371   Thumb Code   180  sin.o(i.__hardfp_sin)
    __ieee754_rem_pio2                       0x08004439   Thumb Code   938  rred.o(i.__ieee754_rem_pio2)
    __kernel_cos                             0x08004871   Thumb Code   322  cos_i.o(i.__kernel_cos)
    __kernel_poly                            0x080049e1   Thumb Code   248  poly.o(i.__kernel_poly)
    __kernel_sin                             0x08004ad9   Thumb Code   280  sin_i.o(i.__kernel_sin)
    __mathlib_dbl_infnan                     0x08004c09   Thumb Code    20  dunder.o(i.__mathlib_dbl_infnan)
    __mathlib_dbl_invalid                    0x08004c21   Thumb Code    24  dunder.o(i.__mathlib_dbl_invalid)
    __mathlib_dbl_underflow                  0x08004c41   Thumb Code    24  dunder.o(i.__mathlib_dbl_underflow)
    fabs                                     0x08004c61   Thumb Code    24  fabs.o(i.fabs)
    __aeabi_dneg                             0x08004c79   Thumb Code     0  basic.o(x$fpl$basic)
    _dneg                                    0x08004c79   Thumb Code     6  basic.o(x$fpl$basic)
    __aeabi_fneg                             0x08004c7f   Thumb Code     0  basic.o(x$fpl$basic)
    _fneg                                    0x08004c7f   Thumb Code     6  basic.o(x$fpl$basic)
    _dabs                                    0x08004c85   Thumb Code     6  basic.o(x$fpl$basic)
    _fabs                                    0x08004c8b   Thumb Code     6  basic.o(x$fpl$basic)
    __aeabi_d2f                              0x08004c91   Thumb Code     0  d2f.o(x$fpl$d2f)
    _d2f                                     0x08004c91   Thumb Code    98  d2f.o(x$fpl$d2f)
    __aeabi_dadd                             0x08004cf5   Thumb Code     0  daddsub_clz.o(x$fpl$dadd)
    _dadd                                    0x08004cf5   Thumb Code   332  daddsub_clz.o(x$fpl$dadd)
    __aeabi_ddiv                             0x08004e45   Thumb Code     0  ddiv.o(x$fpl$ddiv)
    _ddiv                                    0x08004e45   Thumb Code   556  ddiv.o(x$fpl$ddiv)
    __aeabi_d2iz                             0x080050f9   Thumb Code     0  dfix.o(x$fpl$dfix)
    _dfix                                    0x080050f9   Thumb Code    94  dfix.o(x$fpl$dfix)
    __aeabi_i2d                              0x08005157   Thumb Code     0  dflt_clz.o(x$fpl$dflt)
    _dflt                                    0x08005157   Thumb Code    46  dflt_clz.o(x$fpl$dflt)
    __aeabi_ui2d                             0x08005185   Thumb Code     0  dflt_clz.o(x$fpl$dfltu)
    _dfltu                                   0x08005185   Thumb Code    38  dflt_clz.o(x$fpl$dfltu)
    __aeabi_dmul                             0x080051ad   Thumb Code     0  dmul.o(x$fpl$dmul)
    _dmul                                    0x080051ad   Thumb Code   332  dmul.o(x$fpl$dmul)
    __fpl_dnaninf                            0x08005301   Thumb Code   156  dnaninf.o(x$fpl$dnaninf)
    _drem                                    0x0800539d   Thumb Code   328  drem_clz.o(x$fpl$drem)
    __fpl_dretinf                            0x080054ed   Thumb Code    12  dretinf.o(x$fpl$dretinf)
    __aeabi_drsub                            0x080054f9   Thumb Code     0  daddsub_clz.o(x$fpl$drsb)
    _drsb                                    0x080054f9   Thumb Code    22  daddsub_clz.o(x$fpl$drsb)
    __aeabi_dsub                             0x08005511   Thumb Code     0  daddsub_clz.o(x$fpl$dsub)
    _dsub                                    0x08005511   Thumb Code   472  daddsub_clz.o(x$fpl$dsub)
    __aeabi_f2d                              0x080056ed   Thumb Code     0  f2d.o(x$fpl$f2d)
    _f2d                                     0x080056ed   Thumb Code    86  f2d.o(x$fpl$f2d)
    __fpl_fnaninf                            0x08005743   Thumb Code   140  fnaninf.o(x$fpl$fnaninf)
    _fp_init                                 0x080057cf   Thumb Code    26  fpinit.o(x$fpl$fpinit)
    __fplib_config_fpu_vfp                   0x080057e7   Thumb Code     0  fpinit.o(x$fpl$fpinit)
    __fplib_config_pureend_doubles           0x080057e7   Thumb Code     0  fpinit.o(x$fpl$fpinit)
    __fpl_fretinf                            0x080057e9   Thumb Code    10  fretinf.o(x$fpl$fretinf)
    __I$use$fp                               0x080057f2   Number         0  usenofp.o(x$fpl$usenofp)
    AHBPrescTable                            0x08005920   Data          16  system_stm32g4xx.o(.rodata.AHBPrescTable)
    APBPrescTable                            0x08005930   Data           8  system_stm32g4xx.o(.rodata.APBPrescTable)
    UARTPrescTable                           0x08005938   Data          24  stm32g4xx_hal_uart.o(.rodata.UARTPrescTable)
    Region$$Table$$Base                      0x08005970   Number         0  anon$$obj.o(Region$$Table)
    Region$$Table$$Limit                     0x08005990   Number         0  anon$$obj.o(Region$$Table)
    _raw_ang_hi                              0x20000000   Data           4  as5600.o(.data..L_MergedGlobals)
    _raw_ang_lo                              0x20000004   Data           4  as5600.o(.data..L_MergedGlobals)
    _ams5600_Address                         0x20000008   Data           4  as5600.o(.data..L_MergedGlobals)
    PP                                       0x2000000c   Data           4  main.o(.data..L_MergedGlobals)
    DIR                                      0x20000010   Data           4  main.o(.data..L_MergedGlobals)
    Sensor_DIR                               0x20000014   Data           4  main.o(.data..L_MergedGlobals)
    Motor_PP                                 0x20000018   Data           4  main.o(.data..L_MergedGlobals)
    motor_target                             0x2000001c   Data           4  main.o(.data..L_MergedGlobals)
    uwTickPrio                               0x20000020   Data           4  stm32g4xx_hal.o(.data..L_MergedGlobals)
    uwTickFreq                               0x20000024   Data           4  stm32g4xx_hal.o(.data..L_MergedGlobals)
    SystemCoreClock                          0x20000028   Data           4  system_stm32g4xx.o(.data.SystemCoreClock)
    voltage_power_supply                     0x2000002c   Data           4  main.o(.data.voltage_power_supply)
    __libspace_start                         0x20000030   Data          96  libspace.o(.bss)
    __temporary_stack_top$libspace           0x20000090   Data           0  libspace.o(.bss)
    full_rotations                           0x20000090   Data           4  as5600.o(.bss..L_MergedGlobals.1)
    angle_prev                               0x20000094   Data           4  as5600.o(.bss..L_MergedGlobals.1)
    Ubeta                                    0x20000098   Data           4  main.o(.bss..L_MergedGlobals.1)
    Ua                                       0x2000009c   Data           4  main.o(.bss..L_MergedGlobals.1)
    Ub                                       0x200000a0   Data           4  main.o(.bss..L_MergedGlobals.1)
    Uc                                       0x200000a4   Data           4  main.o(.bss..L_MergedGlobals.1)
    Ualpha                                   0x200000a8   Data           4  main.o(.bss..L_MergedGlobals.1)
    hdma_usart2_rx                           0x200000ac   Data          96  usart.o(.bss.hdma_usart2_rx)
    hdma_usart2_tx                           0x2000010c   Data          96  usart.o(.bss.hdma_usart2_tx)
    hi2c1                                    0x2000016c   Data          76  i2c.o(.bss.hi2c1)
    htim1                                    0x200001b8   Data          76  tim.o(.bss.htim1)
    huart2                                   0x20000204   Data         144  usart.o(.bss.huart2)
    uwTick                                   0x20000294   Data           4  stm32g4xx_hal.o(.bss.uwTick)
    zero_electric_angle                      0x20000298   Data           4  main.o(.bss.zero_electric_angle)



==============================================================================

Memory Map of the image

  Image Entry point : 0x080001d9

  Load Region LR_IROM1 (Base: 0x08000000, Size: 0x000059c0, Max: 0x00020000, ABSOLUTE)

    Execution Region ER_IROM1 (Exec base: 0x08000000, Load base: 0x08000000, Size: 0x00005990, Max: 0x00020000, ABSOLUTE)

    Exec Addr    Load Addr    Size         Type   Attr      Idx    E Section Name        Object

    0x08000000   0x08000000   0x000001d8   Data   RO            3    RESET               startup_stm32g431xx.o
    0x080001d8   0x080001d8   0x00000008   Code   RO         1421  * !!!main             c_w.l(__main.o)
    0x080001e0   0x080001e0   0x00000034   Code   RO         1695    !!!scatter          c_w.l(__scatter.o)
    0x08000214   0x08000214   0x0000001a   Code   RO         1697    !!handler_copy      c_w.l(__scatter_copy.o)
    0x0800022e   0x0800022e   0x00000002   PAD
    0x08000230   0x08000230   0x0000001c   Code   RO         1699    !!handler_zi        c_w.l(__scatter_zi.o)
    0x0800024c   0x0800024c   0x00000002   Code   RO         1560    .ARM.Collect$$libinit$$00000000  c_w.l(libinit.o)
    0x0800024e   0x0800024e   0x00000004   Code   RO         1569    .ARM.Collect$$libinit$$00000001  c_w.l(libinit2.o)
    0x08000252   0x08000252   0x00000000   Code   RO         1572    .ARM.Collect$$libinit$$00000004  c_w.l(libinit2.o)
    0x08000252   0x08000252   0x00000000   Code   RO         1574    .ARM.Collect$$libinit$$00000006  c_w.l(libinit2.o)
    0x08000252   0x08000252   0x00000000   Code   RO         1577    .ARM.Collect$$libinit$$0000000C  c_w.l(libinit2.o)
    0x08000252   0x08000252   0x00000000   Code   RO         1579    .ARM.Collect$$libinit$$0000000E  c_w.l(libinit2.o)
    0x08000252   0x08000252   0x00000000   Code   RO         1581    .ARM.Collect$$libinit$$00000010  c_w.l(libinit2.o)
    0x08000252   0x08000252   0x00000000   Code   RO         1584    .ARM.Collect$$libinit$$00000013  c_w.l(libinit2.o)
    0x08000252   0x08000252   0x00000000   Code   RO         1586    .ARM.Collect$$libinit$$00000015  c_w.l(libinit2.o)
    0x08000252   0x08000252   0x00000000   Code   RO         1588    .ARM.Collect$$libinit$$00000017  c_w.l(libinit2.o)
    0x08000252   0x08000252   0x00000000   Code   RO         1590    .ARM.Collect$$libinit$$00000019  c_w.l(libinit2.o)
    0x08000252   0x08000252   0x00000000   Code   RO         1592    .ARM.Collect$$libinit$$0000001B  c_w.l(libinit2.o)
    0x08000252   0x08000252   0x00000000   Code   RO         1594    .ARM.Collect$$libinit$$0000001D  c_w.l(libinit2.o)
    0x08000252   0x08000252   0x00000000   Code   RO         1596    .ARM.Collect$$libinit$$0000001F  c_w.l(libinit2.o)
    0x08000252   0x08000252   0x00000000   Code   RO         1598    .ARM.Collect$$libinit$$00000021  c_w.l(libinit2.o)
    0x08000252   0x08000252   0x00000000   Code   RO         1600    .ARM.Collect$$libinit$$00000023  c_w.l(libinit2.o)
    0x08000252   0x08000252   0x00000000   Code   RO         1602    .ARM.Collect$$libinit$$00000025  c_w.l(libinit2.o)
    0x08000252   0x08000252   0x00000000   Code   RO         1604    .ARM.Collect$$libinit$$00000027  c_w.l(libinit2.o)
    0x08000252   0x08000252   0x00000000   Code   RO         1608    .ARM.Collect$$libinit$$0000002E  c_w.l(libinit2.o)
    0x08000252   0x08000252   0x00000000   Code   RO         1610    .ARM.Collect$$libinit$$00000030  c_w.l(libinit2.o)
    0x08000252   0x08000252   0x00000000   Code   RO         1612    .ARM.Collect$$libinit$$00000032  c_w.l(libinit2.o)
    0x08000252   0x08000252   0x00000000   Code   RO         1614    .ARM.Collect$$libinit$$00000034  c_w.l(libinit2.o)
    0x08000252   0x08000252   0x00000002   Code   RO         1615    .ARM.Collect$$libinit$$00000035  c_w.l(libinit2.o)
    0x08000254   0x08000254   0x00000002   Code   RO         1650    .ARM.Collect$$libshutdown$$00000000  c_w.l(libshutdown.o)
    0x08000256   0x08000256   0x00000000   Code   RO         1678    .ARM.Collect$$libshutdown$$00000002  c_w.l(libshutdown2.o)
    0x08000256   0x08000256   0x00000000   Code   RO         1680    .ARM.Collect$$libshutdown$$00000004  c_w.l(libshutdown2.o)
    0x08000256   0x08000256   0x00000000   Code   RO         1683    .ARM.Collect$$libshutdown$$00000007  c_w.l(libshutdown2.o)
    0x08000256   0x08000256   0x00000000   Code   RO         1686    .ARM.Collect$$libshutdown$$0000000A  c_w.l(libshutdown2.o)
    0x08000256   0x08000256   0x00000000   Code   RO         1688    .ARM.Collect$$libshutdown$$0000000C  c_w.l(libshutdown2.o)
    0x08000256   0x08000256   0x00000000   Code   RO         1691    .ARM.Collect$$libshutdown$$0000000F  c_w.l(libshutdown2.o)
    0x08000256   0x08000256   0x00000002   Code   RO         1692    .ARM.Collect$$libshutdown$$00000010  c_w.l(libshutdown2.o)
    0x08000258   0x08000258   0x00000000   Code   RO         1463    .ARM.Collect$$rtentry$$00000000  c_w.l(__rtentry.o)
    0x08000258   0x08000258   0x00000000   Code   RO         1509    .ARM.Collect$$rtentry$$00000002  c_w.l(__rtentry2.o)
    0x08000258   0x08000258   0x00000006   Code   RO         1521    .ARM.Collect$$rtentry$$00000004  c_w.l(__rtentry4.o)
    0x0800025e   0x0800025e   0x00000000   Code   RO         1511    .ARM.Collect$$rtentry$$00000009  c_w.l(__rtentry2.o)
    0x0800025e   0x0800025e   0x00000004   Code   RO         1512    .ARM.Collect$$rtentry$$0000000A  c_w.l(__rtentry2.o)
    0x08000262   0x08000262   0x00000000   Code   RO         1514    .ARM.Collect$$rtentry$$0000000C  c_w.l(__rtentry2.o)
    0x08000262   0x08000262   0x00000008   Code   RO         1515    .ARM.Collect$$rtentry$$0000000D  c_w.l(__rtentry2.o)
    0x0800026a   0x0800026a   0x00000002   Code   RO         1561    .ARM.Collect$$rtexit$$00000000  c_w.l(rtexit.o)
    0x0800026c   0x0800026c   0x00000000   Code   RO         1621    .ARM.Collect$$rtexit$$00000002  c_w.l(rtexit2.o)
    0x0800026c   0x0800026c   0x00000004   Code   RO         1622    .ARM.Collect$$rtexit$$00000003  c_w.l(rtexit2.o)
    0x08000270   0x08000270   0x00000006   Code   RO         1623    .ARM.Collect$$rtexit$$00000004  c_w.l(rtexit2.o)
    0x08000276   0x08000276   0x00000002   PAD
    0x08000278   0x08000278   0x00000040   Code   RO            4    .text               startup_stm32g431xx.o
    0x080002b8   0x080002b8   0x000000f0   Code   RO         1415    .text               c_w.l(lludivv7m.o)
    0x080003a8   0x080003a8   0x0000004e   Code   RO         1417    .text               c_w.l(rt_memclr_w.o)
    0x080003f6   0x080003f6   0x00000006   Code   RO         1419    .text               c_w.l(heapauxi.o)
    0x080003fc   0x080003fc   0x00000016   Code   RO         1468    .text               c_w.l(_rserrno.o)
    0x08000412   0x08000412   0x00000002   PAD
    0x08000414   0x08000414   0x00000008   Code   RO         1528    .text               c_w.l(rt_errno_addr_intlibspace.o)
    0x0800041c   0x0800041c   0x00000008   Code   RO         1544    .text               c_w.l(libspace.o)
    0x08000424   0x08000424   0x0000004a   Code   RO         1547    .text               c_w.l(sys_stackheap_outer.o)
    0x0800046e   0x0800046e   0x00000012   Code   RO         1549    .text               c_w.l(exit.o)
    0x08000480   0x08000480   0x0000000c   Code   RO         1616    .text               c_w.l(sys_exit.o)
    0x0800048c   0x0800048c   0x00000002   Code   RO         1639    .text               c_w.l(use_no_semi.o)
    0x0800048e   0x0800048e   0x00000000   Code   RO         1641    .text               c_w.l(indicate_semi.o)
    0x0800048e   0x0800048e   0x00000002   PAD
    0x08000490   0x08000490   0x00000002   Code   RO          135    .text.BusFault_Handler  stm32g4xx_it.o
    0x08000492   0x08000492   0x00000002   PAD
    0x08000494   0x08000494   0x0000000c   Code   RO          147    .text.DMA1_Channel1_IRQHandler  stm32g4xx_it.o
    0x080004a0   0x080004a0   0x0000000c   Code   RO          149    .text.DMA1_Channel2_IRQHandler  stm32g4xx_it.o
    0x080004ac   0x080004ac   0x00000002   Code   RO          141    .text.DebugMon_Handler  stm32g4xx_it.o
    0x080004ae   0x080004ae   0x00000002   PAD
    0x080004b0   0x080004b0   0x0000000a   Code   RO           48    .text.Error_Handler  main.o
    0x080004ba   0x080004ba   0x00000002   PAD
    0x080004bc   0x080004bc   0x00000070   Code   RO          632    .text.HAL_DMA_Abort  stm32g4xx_hal_dma.o
    0x0800052c   0x0800052c   0x0000007c   Code   RO          634    .text.HAL_DMA_Abort_IT  stm32g4xx_hal_dma.o
    0x080005a8   0x080005a8   0x000000aa   Code   RO          638    .text.HAL_DMA_IRQHandler  stm32g4xx_hal_dma.o
    0x08000652   0x08000652   0x00000002   PAD
    0x08000654   0x08000654   0x0000012a   Code   RO          624    .text.HAL_DMA_Init  stm32g4xx_hal_dma.o
    0x0800077e   0x0800077e   0x00000002   PAD
    0x08000780   0x08000780   0x00000028   Code   RO          360    .text.HAL_Delay     stm32g4xx_hal.o
    0x080007a8   0x080007a8   0x000001aa   Code   RO          574    .text.HAL_GPIO_Init  stm32g4xx_hal_gpio.o
    0x08000952   0x08000952   0x00000002   PAD
    0x08000954   0x08000954   0x0000000c   Code   RO          352    .text.HAL_GetTick   stm32g4xx_hal.o
    0x08000960   0x08000960   0x0000004a   Code   RO          320    .text.HAL_I2CEx_ConfigAnalogFilter  stm32g4xx_hal_i2c_ex.o
    0x080009aa   0x080009aa   0x00000002   PAD
    0x080009ac   0x080009ac   0x00000048   Code   RO          322    .text.HAL_I2CEx_ConfigDigitalFilter  stm32g4xx_hal_i2c_ex.o
    0x080009f4   0x080009f4   0x000000a2   Code   RO          168    .text.HAL_I2C_Init  stm32g4xx_hal_i2c.o
    0x08000a96   0x08000a96   0x00000002   PAD
    0x08000a98   0x08000a98   0x00000250   Code   RO          230    .text.HAL_I2C_Mem_Read  stm32g4xx_hal_i2c.o
    0x08000ce8   0x08000ce8   0x000000ba   Code   RO           82    .text.HAL_I2C_MspInit  i2c.o
    0x08000da2   0x08000da2   0x00000002   PAD
    0x08000da4   0x08000da4   0x0000001a   Code   RO          350    .text.HAL_IncTick   stm32g4xx_hal.o
    0x08000dbe   0x08000dbe   0x00000002   PAD
    0x08000dc0   0x08000dc0   0x0000001e   Code   RO          340    .text.HAL_Init      stm32g4xx_hal.o
    0x08000dde   0x08000dde   0x00000002   PAD
    0x08000de0   0x08000de0   0x0000004c   Code   RO          342    .text.HAL_InitTick  stm32g4xx_hal.o
    0x08000e2c   0x08000e2c   0x00000034   Code   RO          160    .text.HAL_MspInit   stm32g4xx_hal_msp.o
    0x08000e60   0x08000e60   0x00000026   Code   RO          800    .text.HAL_NVIC_EnableIRQ  stm32g4xx_hal_cortex.o
    0x08000e86   0x08000e86   0x00000002   PAD
    0x08000e88   0x08000e88   0x00000056   Code   RO          798    .text.HAL_NVIC_SetPriority  stm32g4xx_hal_cortex.o
    0x08000ede   0x08000ede   0x00000002   PAD
    0x08000ee0   0x08000ee0   0x00000020   Code   RO          796    .text.HAL_NVIC_SetPriorityGrouping  stm32g4xx_hal_cortex.o
    0x08000f00   0x08000f00   0x00000126   Code   RO          716    .text.HAL_PWREx_ControlVoltageScaling  stm32g4xx_hal_pwr_ex.o
    0x08001026   0x08001026   0x00000002   PAD
    0x08001028   0x08001028   0x00000012   Code   RO          786    .text.HAL_PWREx_DisableUCPDDeadBattery  stm32g4xx_hal_pwr_ex.o
    0x0800103a   0x0800103a   0x00000002   PAD
    0x0800103c   0x0800103c   0x0000026a   Code   RO          458    .text.HAL_RCCEx_PeriphCLKConfig  stm32g4xx_hal_rcc_ex.o
    0x080012a6   0x080012a6   0x00000002   PAD
    0x080012a8   0x080012a8   0x00000314   Code   RO          424    .text.HAL_RCC_ClockConfig  stm32g4xx_hal_rcc.o
    0x080015bc   0x080015bc   0x0000002a   Code   RO          432    .text.HAL_RCC_GetPCLK1Freq  stm32g4xx_hal_rcc.o
    0x080015e6   0x080015e6   0x00000002   PAD
    0x080015e8   0x080015e8   0x0000002a   Code   RO          434    .text.HAL_RCC_GetPCLK2Freq  stm32g4xx_hal_rcc.o
    0x08001612   0x08001612   0x00000002   PAD
    0x08001614   0x08001614   0x0000007e   Code   RO          426    .text.HAL_RCC_GetSysClockFreq  stm32g4xx_hal_rcc.o
    0x08001692   0x08001692   0x00000002   PAD
    0x08001694   0x08001694   0x000004b0   Code   RO          422    .text.HAL_RCC_OscConfig  stm32g4xx_hal_rcc.o
    0x08001b44   0x08001b44   0x0000002c   Code   RO          808    .text.HAL_SYSTICK_Config  stm32g4xx_hal_cortex.o
    0x08001b70   0x08001b70   0x000000c0   Code   RO         1139    .text.HAL_TIMEx_ConfigBreakDeadTime  stm32g4xx_hal_tim_ex.o
    0x08001c30   0x08001c30   0x000000a2   Code   RO         1137    .text.HAL_TIMEx_MasterConfigSynchronization  stm32g4xx_hal_tim_ex.o
    0x08001cd2   0x08001cd2   0x00000002   PAD
    0x08001cd4   0x08001cd4   0x00000062   Code   RO          842    .text.HAL_TIM_Base_Init  stm32g4xx_hal_tim.o
    0x08001d36   0x08001d36   0x00000002   PAD
    0x08001d38   0x08001d38   0x00000032   Code   RO           99    .text.HAL_TIM_Base_MspInit  tim.o
    0x08001d6a   0x08001d6a   0x00000002   PAD
    0x08001d6c   0x08001d6c   0x00000200   Code   RO         1022    .text.HAL_TIM_ConfigClockSource  stm32g4xx_hal_tim.o
    0x08001f6c   0x08001f6c   0x000003ce   Code   RO          996    .text.HAL_TIM_PWM_ConfigChannel  stm32g4xx_hal_tim.o
    0x0800233a   0x0800233a   0x00000002   PAD
    0x0800233c   0x0800233c   0x00000062   Code   RO          896    .text.HAL_TIM_PWM_Init  stm32g4xx_hal_tim.o
    0x0800239e   0x0800239e   0x00000002   PAD
    0x080023a0   0x080023a0   0x00000002   Code   RO          898    .text.HAL_TIM_PWM_MspInit  stm32g4xx_hal_tim.o
    0x080023a2   0x080023a2   0x00000002   PAD
    0x080023a4   0x080023a4   0x00000186   Code   RO          904    .text.HAL_TIM_PWM_Start  stm32g4xx_hal_tim.o
    0x0800252a   0x0800252a   0x00000002   PAD
    0x0800252c   0x0800252c   0x00000036   Code   RO         1378    .text.HAL_UARTEx_DisableFifoMode  stm32g4xx_hal_uart_ex.o
    0x08002562   0x08002562   0x00000002   PAD
    0x08002564   0x08002564   0x00000002   Code   RO         1306    .text.HAL_UARTEx_RxEventCallback  stm32g4xx_hal_uart.o
    0x08002566   0x08002566   0x00000002   PAD
    0x08002568   0x08002568   0x00000002   Code   RO         1364    .text.HAL_UARTEx_RxFifoFullCallback  stm32g4xx_hal_uart_ex.o
    0x0800256a   0x0800256a   0x00000002   PAD
    0x0800256c   0x0800256c   0x0000008c   Code   RO         1382    .text.HAL_UARTEx_SetRxFifoThreshold  stm32g4xx_hal_uart_ex.o
    0x080025f8   0x080025f8   0x0000008c   Code   RO         1380    .text.HAL_UARTEx_SetTxFifoThreshold  stm32g4xx_hal_uart_ex.o
    0x08002684   0x08002684   0x00000002   Code   RO         1366    .text.HAL_UARTEx_TxFifoEmptyCallback  stm32g4xx_hal_uart_ex.o
    0x08002686   0x08002686   0x00000002   PAD
    0x08002688   0x08002688   0x00000002   Code   RO         1362    .text.HAL_UARTEx_WakeupCallback  stm32g4xx_hal_uart_ex.o
    0x0800268a   0x0800268a   0x00000002   PAD
    0x0800268c   0x0800268c   0x00000002   Code   RO         1304    .text.HAL_UART_ErrorCallback  stm32g4xx_hal_uart.o
    0x0800268e   0x0800268e   0x00000002   PAD
    0x08002690   0x08002690   0x00000628   Code   RO         1300    .text.HAL_UART_IRQHandler  stm32g4xx_hal_uart.o
    0x08002cb8   0x08002cb8   0x000000ca   Code   RO         1216    .text.HAL_UART_Init  stm32g4xx_hal_uart.o
    0x08002d82   0x08002d82   0x00000002   PAD
    0x08002d84   0x08002d84   0x00000100   Code   RO          114    .text.HAL_UART_MspInit  usart.o
    0x08002e84   0x08002e84   0x00000002   Code   RO         1308    .text.HAL_UART_TxCpltCallback  stm32g4xx_hal_uart.o
    0x08002e86   0x08002e86   0x00000002   PAD
    0x08002e88   0x08002e88   0x00000002   Code   RO          131    .text.HardFault_Handler  stm32g4xx_it.o
    0x08002e8a   0x08002e8a   0x00000002   PAD
    0x08002e8c   0x08002e8c   0x00000156   Code   RO          310    .text.I2C_IsErrorOccurred  stm32g4xx_hal_i2c.o
    0x08002fe2   0x08002fe2   0x00000002   PAD
    0x08002fe4   0x08002fe4   0x000000d6   Code   RO          232    .text.I2C_RequestMemoryRead  stm32g4xx_hal_i2c.o
    0x080030ba   0x080030ba   0x00000002   PAD
    0x080030bc   0x080030bc   0x0000006c   Code   RO          182    .text.I2C_WaitOnSTOPFlagUntilTimeout  stm32g4xx_hal_i2c.o
    0x08003128   0x08003128   0x00000088   Code   RO          180    .text.I2C_WaitOnTXISFlagUntilTimeout  stm32g4xx_hal_i2c.o
    0x080031b0   0x080031b0   0x00000056   Code   RO           71    .text.MX_DMA_Init   dma.o
    0x08003206   0x08003206   0x00000002   PAD
    0x08003208   0x08003208   0x00000056   Code   RO           63    .text.MX_GPIO_Init  gpio.o
    0x0800325e   0x0800325e   0x00000002   PAD
    0x08003260   0x08003260   0x0000006c   Code   RO           80    .text.MX_I2C1_Init  i2c.o
    0x080032cc   0x080032cc   0x00000184   Code   RO           95    .text.MX_TIM1_Init  tim.o
    0x08003450   0x08003450   0x00000082   Code   RO          112    .text.MX_USART2_UART_Init  usart.o
    0x080034d2   0x080034d2   0x00000002   PAD
    0x080034d4   0x080034d4   0x00000002   Code   RO          133    .text.MemManage_Handler  stm32g4xx_it.o
    0x080034d6   0x080034d6   0x00000002   PAD
    0x080034d8   0x080034d8   0x00000002   Code   RO          129    .text.NMI_Handler   stm32g4xx_it.o
    0x080034da   0x080034da   0x00000002   PAD
    0x080034dc   0x080034dc   0x00000002   Code   RO          143    .text.PendSV_Handler  stm32g4xx_it.o
    0x080034de   0x080034de   0x00000002   PAD
    0x080034e0   0x080034e0   0x00000002   Code   RO          139    .text.SVC_Handler   stm32g4xx_it.o
    0x080034e2   0x080034e2   0x00000002   PAD
    0x080034e4   0x080034e4   0x00000004   Code   RO          145    .text.SysTick_Handler  stm32g4xx_it.o
    0x080034e8   0x080034e8   0x00000012   Code   RO         1399    .text.SystemInit    system_stm32g4xx.o
    0x080034fa   0x080034fa   0x00000002   PAD
    0x080034fc   0x080034fc   0x0000010a   Code   RO          846    .text.TIM_Base_SetConfig  stm32g4xx_hal_tim.o
    0x08003606   0x08003606   0x00000002   PAD
    0x08003608   0x08003608   0x000000e8   Code   RO         1222    .text.UART_AdvFeatureConfig  stm32g4xx_hal_uart.o
    0x080036f0   0x080036f0   0x00000010   Code   RO         1302    .text.UART_DMAAbortOnError  stm32g4xx_hal_uart.o
    0x08003700   0x08003700   0x000002a4   Code   RO         1220    .text.UART_SetConfig  stm32g4xx_hal_uart.o
    0x080039a4   0x080039a4   0x00000212   Code   RO         1238    .text.UART_WaitOnFlagUntilTimeout  stm32g4xx_hal_uart.o
    0x08003bb6   0x08003bb6   0x00000002   PAD
    0x08003bb8   0x08003bb8   0x0000000c   Code   RO          151    .text.USART2_IRQHandler  stm32g4xx_it.o
    0x08003bc4   0x08003bc4   0x00000002   Code   RO          137    .text.UsageFault_Handler  stm32g4xx_it.o
    0x08003bc6   0x08003bc6   0x00000002   PAD
    0x08003bc8   0x08003bc8   0x00000068   Code   RO           19    .text.getAngle      as5600.o
    0x08003c30   0x08003c30   0x000000b8   Code   RO           17    .text.getAngle_Without_track  as5600.o
    0x08003ce8   0x08003ce8   0x000001e0   Code   RO           44    .text.main          main.o
    0x08003ec8   0x08003ec8   0x000002a4   Code   RO           36    .text.setTorque     main.o
    0x0800416c   0x0800416c   0x00000030   Code   RO         1540    i.__ARM_fpclassify  m_wm.l(fpclassify.o)
    0x0800419c   0x0800419c   0x00000004   PAD
    0x080041a0   0x080041a0   0x000000c8   Code   RO         1445    i.__hardfp_cos      m_wm.l(cos.o)
    0x08004268   0x08004268   0x00000104   Code   RO         1451    i.__hardfp_fmod     m_wm.l(fmod.o)
    0x0800436c   0x0800436c   0x00000004   PAD
    0x08004370   0x08004370   0x000000c8   Code   RO         1457    i.__hardfp_sin      m_wm.l(sin.o)
    0x08004438   0x08004438   0x00000438   Code   RO         1500    i.__ieee754_rem_pio2  m_wm.l(rred.o)
    0x08004870   0x08004870   0x00000170   Code   RO         1483    i.__kernel_cos      m_wm.l(cos_i.o)
    0x080049e0   0x080049e0   0x000000f8   Code   RO         1542    i.__kernel_poly     m_wm.l(poly.o)
    0x08004ad8   0x08004ad8   0x00000130   Code   RO         1505    i.__kernel_sin      m_wm.l(sin_i.o)
    0x08004c08   0x08004c08   0x00000014   Code   RO         1487    i.__mathlib_dbl_infnan  m_wm.l(dunder.o)
    0x08004c1c   0x08004c1c   0x00000004   PAD
    0x08004c20   0x08004c20   0x00000020   Code   RO         1489    i.__mathlib_dbl_invalid  m_wm.l(dunder.o)
    0x08004c40   0x08004c40   0x00000020   Code   RO         1492    i.__mathlib_dbl_underflow  m_wm.l(dunder.o)
    0x08004c60   0x08004c60   0x00000018   Code   RO         1536    i.fabs              m_wm.l(fabs.o)
    0x08004c78   0x08004c78   0x00000018   Code   RO         1470    x$fpl$basic         fz_wm.l(basic.o)
    0x08004c90   0x08004c90   0x00000062   Code   RO         1423    x$fpl$d2f           fz_wm.l(d2f.o)
    0x08004cf2   0x08004cf2   0x00000002   PAD
    0x08004cf4   0x08004cf4   0x00000150   Code   RO         1425    x$fpl$dadd          fz_wm.l(daddsub_clz.o)
    0x08004e44   0x08004e44   0x000002b4   Code   RO         1432    x$fpl$ddiv          fz_wm.l(ddiv.o)
    0x080050f8   0x080050f8   0x0000005e   Code   RO         1530    x$fpl$dfix          fz_wm.l(dfix.o)
    0x08005156   0x08005156   0x0000002e   Code   RO         1436    x$fpl$dflt          fz_wm.l(dflt_clz.o)
    0x08005184   0x08005184   0x00000026   Code   RO         1435    x$fpl$dfltu         fz_wm.l(dflt_clz.o)
    0x080051aa   0x080051aa   0x00000002   PAD
    0x080051ac   0x080051ac   0x00000154   Code   RO         1441    x$fpl$dmul          fz_wm.l(dmul.o)
    0x08005300   0x08005300   0x0000009c   Code   RO         1472    x$fpl$dnaninf       fz_wm.l(dnaninf.o)
    0x0800539c   0x0800539c   0x00000150   Code   RO         1474    x$fpl$drem          fz_wm.l(drem_clz.o)
    0x080054ec   0x080054ec   0x0000000c   Code   RO         1476    x$fpl$dretinf       fz_wm.l(dretinf.o)
    0x080054f8   0x080054f8   0x00000016   Code   RO         1426    x$fpl$drsb          fz_wm.l(daddsub_clz.o)
    0x0800550e   0x0800550e   0x00000002   PAD
    0x08005510   0x08005510   0x000001dc   Code   RO         1427    x$fpl$dsub          fz_wm.l(daddsub_clz.o)
    0x080056ec   0x080056ec   0x00000056   Code   RO         1443    x$fpl$f2d           fz_wm.l(f2d.o)
    0x08005742   0x08005742   0x0000008c   Code   RO         1478    x$fpl$fnaninf       fz_wm.l(fnaninf.o)
    0x080057ce   0x080057ce   0x0000001a   Code   RO         1633    x$fpl$fpinit        fz_wm.l(fpinit.o)
    0x080057e8   0x080057e8   0x0000000a   Code   RO         1480    x$fpl$fretinf       fz_wm.l(fretinf.o)
    0x080057f2   0x080057f2   0x00000000   Code   RO         1482    x$fpl$usenofp       fz_wm.l(usenofp.o)
    0x080057f2   0x080057f2   0x00000006   PAD
    0x080057f8   0x080057f8   0x00000030   Data   RO         1484    .constdata          m_wm.l(cos_i.o)
    0x08005828   0x08005828   0x000000cc   Data   RO         1502    .constdata          m_wm.l(rred.o)
    0x080058f4   0x080058f4   0x00000004   PAD
    0x080058f8   0x080058f8   0x00000028   Data   RO         1506    .constdata          m_wm.l(sin_i.o)
    0x08005920   0x08005920   0x00000010   Data   RO         1404    .rodata.AHBPrescTable  system_stm32g4xx.o
    0x08005930   0x08005930   0x00000008   Data   RO         1405    .rodata.APBPrescTable  system_stm32g4xx.o
    0x08005938   0x08005938   0x00000018   Data   RO         1350    .rodata.UARTPrescTable  stm32g4xx_hal_uart.o
    0x08005950   0x08005950   0x00000010   Data   RO         1351    .rodata.cst16       stm32g4xx_hal_uart.o
    0x08005960   0x08005960   0x00000010   Data   RO         1390    .rodata.cst8        stm32g4xx_hal_uart_ex.o
    0x08005970   0x08005970   0x00000020   Data   RO         1694    Region$$Table       anon$$obj.o


    Execution Region RW_IRAM1 (Exec base: 0x20000000, Load base: 0x08005990, Size: 0x000008a0, Max: 0x00008000, ABSOLUTE)

    Exec Addr    Load Addr    Size         Type   Attr      Idx    E Section Name        Object

    0x20000000   0x08005990   0x0000000c   Data   RW           22    .data..L_MergedGlobals  as5600.o
    0x2000000c   0x0800599c   0x00000014   Data   RW           53    .data..L_MergedGlobals  main.o
    0x20000020   0x080059b0   0x00000008   Data   RW          411    .data..L_MergedGlobals  stm32g4xx_hal.o
    0x20000028   0x080059b8   0x00000004   Data   RW         1403    .data.SystemCoreClock  system_stm32g4xx.o
    0x2000002c   0x080059bc   0x00000004   Data   RW           50    .data.voltage_power_supply  main.o
    0x20000030        -       0x00000060   Zero   RW         1545    .bss                c_w.l(libspace.o)
    0x20000090        -       0x00000008   Zero   RW           23    .bss..L_MergedGlobals.1  as5600.o
    0x20000098        -       0x00000014   Zero   RW           54    .bss..L_MergedGlobals.1  main.o
    0x200000ac        -       0x00000060   Zero   RW          119    .bss.hdma_usart2_rx  usart.o
    0x2000010c        -       0x00000060   Zero   RW          120    .bss.hdma_usart2_tx  usart.o
    0x2000016c        -       0x0000004c   Zero   RW           86    .bss.hi2c1          i2c.o
    0x200001b8        -       0x0000004c   Zero   RW          103    .bss.htim1          tim.o
    0x20000204        -       0x00000090   Zero   RW          118    .bss.huart2         usart.o
    0x20000294        -       0x00000004   Zero   RW          410    .bss.uwTick         stm32g4xx_hal.o
    0x20000298        -       0x00000004   Zero   RW           51    .bss.zero_electric_angle  main.o
    0x2000029c   0x080059c0   0x00000004   PAD
    0x200002a0        -       0x00000200   Zero   RW            2    HEAP                startup_stm32g431xx.o
    0x200004a0        -       0x00000400   Zero   RW            1    STACK               startup_stm32g431xx.o


==============================================================================

Image component sizes


      Code (inc. data)   RO Data    RW Data    ZI Data      Debug   Object Name

       288         32          0         12          8       3715   as5600.o
        86          0          0          0          0       3437   dma.o
        86          0          0          0          0       1634   gpio.o
       294          0          0          0         76       6616   i2c.o
      1166         52          0         24         24       6626   main.o
        64         26        472          0       1536        844   startup_stm32g431xx.o
       184          0          0          8          4       8603   stm32g4xx_hal.o
       200          0          0          0          0      10245   stm32g4xx_hal_cortex.o
       704          0          0          0          0       9349   stm32g4xx_hal_dma.o
       426          0          0          0          0       5243   stm32g4xx_hal_gpio.o
      1554          0          0          0          0      57007   stm32g4xx_hal_i2c.o
       146          0          0          0          0       6560   stm32g4xx_hal_i2c_ex.o
        52          0          0          0          0       1749   stm32g4xx_hal_msp.o
       312          0          0          0          0       9783   stm32g4xx_hal_pwr_ex.o
      2198          0          0          0          0       9964   stm32g4xx_hal_rcc.o
       618          0          0          0          0      10682   stm32g4xx_hal_rcc_ex.o
      2340         22          0          0          0      60453   stm32g4xx_hal_tim.o
       354          0          0          0          0      29830   stm32g4xx_hal_tim_ex.o
      3238         48         40          0          0      41054   stm32g4xx_hal_uart.o
       340          0         16          0          0      11216   stm32g4xx_hal_uart_ex.o
        56          0          0          0          0       4924   stm32g4xx_it.o
        18          0         24          4          0       2777   system_stm32g4xx.o
       438          0          0          0         76       7749   tim.o
       386          0          0          0        336       8417   usart.o

    ----------------------------------------------------------------------
     15644        180        584         48       2064     318477   Object Totals
         0          0         32          0          0          0   (incl. Generated)
        96          0          0          0          4          0   (incl. Padding)

    ----------------------------------------------------------------------

      Code (inc. data)   RO Data    RW Data    ZI Data      Debug   Library Member Name

         8          0          0          0          0         68   __main.o
         0          0          0          0          0          0   __rtentry.o
        12          0          0          0          0          0   __rtentry2.o
         6          0          0          0          0          0   __rtentry4.o
        52          8          0          0          0          0   __scatter.o
        26          0          0          0          0          0   __scatter_copy.o
        28          0          0          0          0          0   __scatter_zi.o
        22          0          0          0          0        100   _rserrno.o
        18          0          0          0          0         80   exit.o
         6          0          0          0          0        152   heapauxi.o
         0          0          0          0          0          0   indicate_semi.o
         2          0          0          0          0          0   libinit.o
         6          0          0          0          0          0   libinit2.o
         2          0          0          0          0          0   libshutdown.o
         2          0          0          0          0          0   libshutdown2.o
         8          4          0          0         96         68   libspace.o
       240          0          0          0          0        100   lludivv7m.o
         8          4          0          0          0         68   rt_errno_addr_intlibspace.o
        78          0          0          0          0         80   rt_memclr_w.o
         2          0          0          0          0          0   rtexit.o
        10          0          0          0          0          0   rtexit2.o
        12          4          0          0          0         68   sys_exit.o
        74          0          0          0          0         80   sys_stackheap_outer.o
         2          0          0          0          0         68   use_no_semi.o
        24          0          0          0          0        164   basic.o
        98          4          0          0          0        140   d2f.o
       834         16          0          0          0        516   daddsub_clz.o
       692        140          0          0          0        264   ddiv.o
        94          4          0          0          0        140   dfix.o
        84          0          0          0          0        232   dflt_clz.o
       340         12          0          0          0        152   dmul.o
       156          4          0          0          0        140   dnaninf.o
       336         12          0          0          0        136   drem_clz.o
        12          0          0          0          0        116   dretinf.o
        86          4          0          0          0        132   f2d.o
       140          4          0          0          0        132   fnaninf.o
        26          0          0          0          0        116   fpinit.o
        10          0          0          0          0        116   fretinf.o
         0          0          0          0          0          0   usenofp.o
       200         20          0          0          0        164   cos.o
       368         46         48          0          0        200   cos_i.o
        84         16          0          0          0        372   dunder.o
        24          0          0          0          0        124   fabs.o
       260          6          0          0          0        144   fmod.o
        48          0          0          0          0        124   fpclassify.o
       248          0          0          0          0        152   poly.o
      1080        142        204          0          0        188   rred.o
       200         20          0          0          0        164   sin.o
       304         24         40          0          0        208   sin_i.o

    ----------------------------------------------------------------------
      6404        498        296          0         96       5268   Library Totals
        32          4          4          0          0          0   (incl. Padding)

    ----------------------------------------------------------------------

      Code (inc. data)   RO Data    RW Data    ZI Data      Debug   Library Name

       624         20          0          0         96        932   c_w.l
      2932        200          0          0          0       2496   fz_wm.l
      2816        274        292          0          0       1840   m_wm.l

    ----------------------------------------------------------------------
      6404        498        296          0         96       5268   Library Totals

    ----------------------------------------------------------------------

==============================================================================


      Code (inc. data)   RO Data    RW Data    ZI Data      Debug   

     22048        678        880         48       2160     320241   Grand Totals
     22048        678        880         48       2160     320241   ELF Image Totals
     22048        678        880         48          0          0   ROM Totals

==============================================================================

    Total RO  Size (Code + RO Data)                22928 (  22.39kB)
    Total RW  Size (RW Data + ZI Data)              2208 (   2.16kB)
    Total ROM Size (Code + RO Data + RW Data)      22976 (  22.44kB)

==============================================================================

